2026-07-08 16:44:13,797 [INFO] ===== CellxGene 82套数据集文献自动下载与归纳脚本启动 =====
2026-07-08 16:44:13,805 [INFO] 成功读取 D:\OneDrive\Desktop\组\db\cellxgene\cellxgene_filtered\filtered_datasets.csv，包含数据集记录共: 82 条
2026-07-08 16:44:13,807 [INFO] 经合并去重，共计包含独特论文/文献记录数: 82
2026-07-08 16:44:13,807 [INFO] 
>>> 阶段一：开始 DOI 到 PMID 批量转换 (使用 Europe PMC)
2026-07-08 16:44:16,421 [INFO] 成功通过 Europe PMC 转换 DOI [10.1038/s41586-024-07069-w] -> PMID: 38355799 | Title: A single-cell time-lapse of mouse prenatal develop...
2026-07-08 16:44:19,081 [INFO] 成功通过 Europe PMC 转换 DOI [10.1038/s41586-024-07571-1] -> PMID: 39567783 | Title: Single-cell integration reveals metaplasia in infl...
2026-07-08 16:44:21,706 [INFO] 成功通过 Europe PMC 转换 DOI [10.1126/science.abo0510] -> PMID: 35549310 | Title: Mapping the developing human immune system across ...
2026-07-08 16:44:24,358 [INFO] 成功通过 Europe PMC 转换 DOI [10.1038/s41588-025-02182-6] -> PMID: 40355592 | Title: An integrated transcriptomic cell atlas of human e...
2026-07-08 16:44:26,942 [INFO] 成功通过 Europe PMC 转换 DOI [10.1038/s41586-021-03852-1] -> PMID: 34497389 | Title: Cells of the human intestinal tract mapped across ...
2026-07-08 16:44:29,610 [INFO] 成功通过 Europe PMC 转换 DOI [10.1038/s41586-020-2496-1] -> PMID: 32669714 | Title: A single-cell transcriptomic atlas characterizes a...
2026-07-08 16:44:33,112 [INFO] 成功通过 Europe PMC 转换 DOI [10.1126/science.abl4290] -> PMID: 35549429 | Title: Single-nucleus cross-tissue molecular reference ma...
2026-07-08 16:44:35,760 [INFO] 成功通过 Europe PMC 转换 DOI [10.1016/j.cell.2021.04.028] -> PMID: 34019796 | Title: Charting human development using a multi-endoderma...
2026-07-08 16:44:39,566 [INFO] 成功通过 Europe PMC 转换 DOI [10.1016/j.cell.2022.11.005] -> PMID: 36493756 | Title: A human fetal lung cell atlas uncovers proximal-di...
2026-07-08 16:44:42,197 [INFO] 成功通过 Europe PMC 转换 DOI [10.1016/j.cell.2020.12.016] -> PMID: 33406409 | Title: Spatiotemporal analysis of human intestinal develo...
2026-07-08 16:44:44,820 [INFO] 成功通过 Europe PMC 转换 DOI [10.1016/j.ccell.2025.12.003] -> PMID: 41529665 | Title: Single-cell integration and multi-modal profiling ...
2026-07-08 16:44:47,477 [INFO] 成功通过 Europe PMC 转换 DOI [10.1038/s41586-026-10627-z] -> PMID: 42236949 | Title: Cell-type-resolved genetic variation shapes inflam...
2026-07-08 16:44:50,689 [INFO] 成功通过 Europe PMC 转换 DOI [10.1016/j.cell.2021.08.003] -> PMID: 34450029 | Title: Spatially organized multicellular immune hubs in h...
2026-07-08 16:44:53,298 [INFO] 成功通过 Europe PMC 转换 DOI [10.1016/j.cell.2023.11.026] -> PMID: 38134877 | Title: Automatic cell-type harmonization and integration ...
2026-07-08 16:44:55,897 [INFO] 成功通过 Europe PMC 转换 DOI [10.1016/j.xcrm.2024.101556] -> PMID: 38776872 | Title: Transcriptomic and spatial dissection of human ex ...
2026-07-08 16:44:58,526 [INFO] 成功通过 Europe PMC 转换 DOI [10.1038/s41588-022-01243-4] -> PMID: 36543915 | Title: A spatially resolved atlas of the human lung chara...
2026-07-08 16:45:01,129 [INFO] 成功通过 Europe PMC 转换 DOI [10.1038/s41467-024-52052-8] -> PMID: 39362841 | Title: The single-cell transcriptomic atlas iPain identif...
2026-07-08 16:45:03,766 [INFO] 成功通过 Europe PMC 转换 DOI [10.1038/s43587-024-00613-3] -> PMID: 38622407 | Title: Human skeletal muscle aging atlas....
2026-07-08 16:45:06,373 [INFO] 成功通过 Europe PMC 转换 DOI [10.1164/rccm.202207-1384OC] -> PMID: 36796082 | Title: A Unique Cellular Organization of Human Distal Air...
2026-07-08 16:45:08,977 [INFO] 成功通过 Europe PMC 转换 DOI [10.1038/s41467-025-57487-1] -> PMID: 40044687 | Title: Single-nuclei sequencing of skeletal muscle reveal...
2026-07-08 16:45:11,692 [INFO] 成功通过 Europe PMC 转换 DOI [10.1101/2021.09.17.21263540] -> PMID: None | Title: Concerted changes in the pediatric single-cell int...
2026-07-08 16:45:14,301 [INFO] 成功通过 Europe PMC 转换 DOI [10.1016/j.devcel.2020.11.010] -> PMID: 33290721 | Title: Single-Cell Sequencing of Developing Human Gut Rev...
2026-07-08 16:45:17,027 [INFO] 成功通过 Europe PMC 转换 DOI [10.1101/2024.03.05.583423] -> PMID: None | Title: Transcriptional dynamics of the murine heart durin...
2026-07-08 16:45:19,757 [INFO] 成功通过 Europe PMC 转换 DOI [10.1126/science.abl4896] -> PMID: 35549404 | Title: The Tabula Sapiens: A multiple-organ, single-cell ...
2026-07-08 16:45:22,416 [INFO] 成功通过 Europe PMC 转换 DOI [10.1038/s41591-021-01586-1] -> PMID: 34887578 | Title: Insulin is expressed by enteroendocrine cells duri...
2026-07-08 16:45:25,021 [INFO] 成功通过 Europe PMC 转换 DOI [10.1016/j.cell.2019.08.008] -> PMID: 31474370 | Title: Single-Cell Analysis of Crohn's Disease Lesions Id...
2026-07-08 16:45:30,162 [INFO] 成功通过 Europe PMC 转换 DOI [10.1016/j.celrep.2024.114247] -> PMID: 38907996 | Title: An iPSC-derived small intestine-on-chip with self-...
2026-07-08 16:45:32,841 [INFO] 成功通过 Europe PMC 转换 DOI [10.1038/s41591-023-02327-2] -> PMID: 37291214 | Title: An integrated cell atlas of the lung in health and...
2026-07-08 16:45:32,843 [INFO] 文献无 DOI，使用 Collection Name 作为标题: Single cell atlas of the human optic nerve
2026-07-08 16:45:35,514 [INFO] 成功通过 Europe PMC 转换 DOI [10.1126/science.abo1984] -> PMID: 35926050 | Title: Pathogenic variants damage cell composition and si...
2026-07-08 16:45:38,174 [INFO] 成功通过 Europe PMC 转换 DOI [10.1038/s41588-024-01702-0] -> PMID: 38548990 | Title: Cell-type-specific and disease-associated expressi...
2026-07-08 16:45:40,836 [INFO] 成功通过 Europe PMC 转换 DOI [10.1038/s41588-025-02158-6] -> PMID: 40229600 | Title: Longitudinal single-cell multiomic atlas of high-r...
2026-07-08 16:45:43,511 [INFO] 成功通过 Europe PMC 转换 DOI [10.1038/s41467-023-40173-5] -> PMID: 37516747 | Title: Guided construction of single cell reference for h...
2026-07-08 16:45:47,995 [INFO] 成功通过 Europe PMC 转换 DOI [10.1101/2025.09.26.678707] -> PMID: None | Title: Cellular and Spatial Drivers of Unresolved Injury ...
2026-07-08 16:45:50,612 [INFO] 成功通过 Europe PMC 转换 DOI [10.1038/s42255-023-00876-x] -> PMID: 37697055 | Title: Delineating mouse β-cell identity during lifetime ...
2026-07-08 16:45:54,274 [INFO] 成功通过 Europe PMC 转换 DOI [10.1158/2159-8290.cd-22-0824] -> PMID: 36929873 | Title: Single-Cell RNA Sequencing Unifies Developmental P...
2026-07-08 16:45:56,970 [INFO] 成功通过 Europe PMC 转换 DOI [10.1038/s41467-026-69587-7] -> PMID: 41741455 | Title: Multi-modal skin atlas identifies a multicellular ...
2026-07-08 16:45:56,971 [INFO] 文献无 DOI，使用 Collection Name 作为标题: Bronchopulmonary Dysplasia
2026-07-08 16:45:59,730 [INFO] 成功通过 Europe PMC 转换 DOI [10.1101/2025.01.17.633590] -> PMID: None | Title: Single-cell decoding of human islet cell type-spec...
2026-07-08 16:46:02,374 [INFO] 成功通过 Europe PMC 转换 DOI [10.1038/s41586-021-04345-x] -> PMID: 34937051 | Title: Local and systemic responses to SARS-CoV-2 infecti...
2026-07-08 16:46:05,041 [INFO] 成功通过 Europe PMC 转换 DOI [10.1038/s44161-025-00612-6] -> PMID: 39994453 | Title: The cellular and molecular cardiac tissue response...
2026-07-08 16:46:07,751 [INFO] 成功通过 Europe PMC 转换 DOI [10.1038/s41467-021-21783-3] -> PMID: 33686070 | Title: Time-resolved single-cell analysis of Brca1 associ...
2026-07-08 16:46:10,375 [INFO] 成功通过 Europe PMC 转换 DOI [10.1126/science.aba6500] -> PMID: 33479125 | Title: Developmental cell programs are co-opted in inflam...
2026-07-08 16:46:13,078 [INFO] 成功通过 Europe PMC 转换 DOI [10.1038/s42003-024-07315-x] -> PMID: 39627536 | Title: Cross-species single-cell RNA-seq analysis reveals...
2026-07-08 16:46:16,038 [INFO] 成功通过 Europe PMC 转换 DOI [10.1038/s41586-022-05060-x] -> PMID: 35948637 | Title: Spatial multi-omic map of human myocardial infarct...
2026-07-08 16:46:18,696 [INFO] 成功通过 Europe PMC 转换 DOI [10.1038/s41586-022-04989-3] -> PMID: 35732239 | Title: Integrated multi-omic characterization of congenit...
2026-07-08 16:46:22,388 [INFO] 成功通过 Europe PMC 转换 DOI [10.1016/j.immuni.2023.01.002] -> PMID: 36720220 | Title: The landscape of immune dysregulation in Crohn's d...
2026-07-08 16:46:25,438 [INFO] 成功通过 Europe PMC 转换 DOI [10.1073/pnas.2313326120] -> PMID: 38165934 | Title: Multiscale spatial mapping of cell populations acr...
2026-07-08 16:46:28,296 [INFO] 成功通过 Europe PMC 转换 DOI [10.1038/s41586-021-03569-1] -> PMID: 33915568 | Title: A molecular single-cell lung atlas of lethal COVID...
2026-07-08 16:46:30,916 [INFO] 成功通过 Europe PMC 转换 DOI [10.1038/s41586-021-03929-x] -> PMID: 34588693 | Title: Blood and immune development in human fetal bone m...
2026-07-08 16:46:34,514 [INFO] 成功通过 Europe PMC 转换 DOI [10.1016/j.jcf.2025.01.016] -> PMID: 39947933 | Title: Evidence for altered immune-structural cell crosst...
2026-07-08 16:46:37,143 [INFO] 成功通过 Europe PMC 转换 DOI [10.64898/2025.12.18.695268] -> PMID: None | Title: A poly(A) isoform–aware single-cell and spatial at...
2026-07-08 16:46:39,752 [INFO] 成功通过 Europe PMC 转换 DOI [10.1101/2025.09.14.673351] -> PMID: None | Title: Single-Nucleus Analysis of Human White Adipose Tis...
2026-07-08 16:46:42,612 [INFO] 成功通过 Europe PMC 转换 DOI [10.1101/2024.10.23.619925] -> PMID: None | Title: Profiling of epithelial functional states and fibr...
2026-07-08 16:46:45,997 [INFO] 成功通过 Europe PMC 转换 DOI [10.1038/s42003-021-02562-8] -> PMID: 34497364 | Title: Identification of distinct tumor cell populations ...
2026-07-08 16:46:49,826 [INFO] 成功通过 Europe PMC 转换 DOI [10.1038/s41586-020-2922-4] -> PMID: 33208946 | Title: A molecular cell atlas of the human lung from sing...
2026-07-08 16:46:52,474 [INFO] 成功通过 Europe PMC 转换 DOI [10.1016/j.cell.2021.11.031] -> PMID: 34910928 | Title: Differential pre-malignant programs and microenvir...
2026-07-08 16:46:55,113 [INFO] 成功通过 Europe PMC 转换 DOI [10.1038/s44161-022-00183-w] -> PMID: 36938497 | Title: A single-cell comparison of adult and fetal human ...
2026-07-08 16:46:57,814 [INFO] 成功通过 Europe PMC 转换 DOI [10.1016/j.healun.2026.02.1666] -> PMID: 41740941 | Title: Human lung allografts experience persistent fibrog...
2026-07-08 16:47:01,487 [INFO] 成功通过 Europe PMC 转换 DOI [10.1161/CIRCULATIONAHA.120.051921] -> PMID: 33682422 | Title: Sex-Specific Control of Human Heart Maturation by ...
2026-07-08 16:47:05,135 [INFO] 成功通过 Europe PMC 转换 DOI [10.1038/s41467-023-40505-5] -> PMID: 37591828 | Title: Single-cell genomics improves the discovery of ris...
2026-07-08 16:47:07,767 [INFO] 成功通过 Europe PMC 转换 DOI [10.1038/s41586-024-08560-0] -> PMID: 39789339 | Title: Author Correction: Progressive plasticity during c...
2026-07-08 16:47:10,369 [INFO] 成功通过 Europe PMC 转换 DOI [10.7554/eLife.62522] -> PMID: 33164753 | Title: Single-cell multiomic profiling of human lungs rev...
2026-07-08 16:47:12,969 [INFO] 成功通过 Europe PMC 转换 DOI [10.1016/j.jcmgh.2025.101665] -> PMID: 41115527 | Title: An Epigenetic Basis for Sustained Inflammatory Epi...
2026-07-08 16:47:17,612 [INFO] 成功通过 Europe PMC 转换 DOI [10.1016/j.cell.2019.06.029] -> PMID: 31348891 | Title: Intra- and Inter-cellular Rewiring of the Human Co...
2026-07-08 16:47:20,226 [INFO] 成功通过 Europe PMC 转换 DOI [10.1016/j.cell.2021.07.023] -> PMID: 34352228 | Title: Impaired local intrinsic immunity to SARS-CoV-2 in...
2026-07-08 16:47:22,939 [INFO] 成功通过 Europe PMC 转换 DOI [10.1002/pros.24020] -> PMID: 32497356 | Title: Urethral luminal epithelia are castration-insensit...
2026-07-08 16:47:25,588 [INFO] 成功通过 Europe PMC 转换 DOI [10.1016/j.celrep.2018.11.086] -> PMID: 30566875 | Title: A Cellular Anatomy of the Normal Adult Human Prost...
2026-07-08 16:47:28,226 [INFO] 成功通过 Europe PMC 转换 DOI [10.1126/science.aat5031] -> PMID: 31604275 | Title: Spatiotemporal immune zonation of the human kidney...
2026-07-08 16:47:31,691 [INFO] 成功通过 Europe PMC 转换 DOI [10.1038/s41586-021-03710-0] -> PMID: 34153974 | Title: Dysregulation of brain and choroid plexus cell typ...
2026-07-08 16:47:34,609 [INFO] 成功通过 Europe PMC 转换 DOI [10.1016/j.stem.2022.11.013] -> PMID: 36493780 | Title: Organoid modeling of human fetal lung alveolar dev...
2026-07-08 16:47:37,662 [INFO] 成功通过 Europe PMC 转换 DOI [10.1038/s41556-023-01337-z] -> PMID: 38321203 | Title: Epithelial zonation along the mouse and human smal...
2026-07-08 16:47:40,302 [INFO] 成功通过 Europe PMC 转换 DOI [10.1016/j.isci.2024.111628] -> PMID: 39850354 | Title: Exploring the utility of snRNA-seq in profiling hu...
2026-07-08 16:47:42,917 [INFO] 成功通过 Europe PMC 转换 DOI [10.1016/j.jcmgh.2022.02.007] -> PMID: 35176508 | Title: A Proximal-to-Distal Survey of Healthy Adult Human...
2026-07-08 16:47:45,811 [INFO] 成功通过 Europe PMC 转换 DOI [10.1038/s41591-024-03215-z] -> PMID: 39478111 | Title: A multi-modal single-cell and spatial expression m...
2026-07-08 16:47:48,727 [INFO] 成功通过 Europe PMC 转换 DOI [10.3389/fimmu.2023.1211505] -> PMID: 37809094 | Title: Inflammation-mediated fibroblast activation and im...
2026-07-08 16:47:51,366 [INFO] 成功通过 Europe PMC 转换 DOI [10.1038/s44318-024-00328-6] -> PMID: 39815007 | Title: A novel human fetal lung-derived alveolar organoid...
2026-07-08 16:47:54,277 [INFO] 成功通过 Europe PMC 转换 DOI [10.1126/sciimmunol.adf9988] -> PMID: 38100545 | Title: Early human lung immune cell development and its r...
2026-07-08 16:47:57,033 [WARNING] Europe PMC 未能找到 DOI [10.3389/fdmed.2021.806294] 的信息
2026-07-08 16:48:00,763 [INFO] 成功通过 Europe PMC 转换 DOI [10.1084/jem.20191130] -> PMID: 31753849 | Title: Single-cell transcriptome analysis reveals differe...
2026-07-08 16:48:03,495 [INFO] 成功通过 Europe PMC 转换 DOI [10.1016/j.cell.2017.09.004] -> PMID: 28965763 | Title: Single-Cell Analysis of Human Pancreas Reveals Tra...
2026-07-08 16:48:06,239 [INFO] 成功通过 Europe PMC 转换 DOI [10.7554/eLife.71752] -> PMID: 34825887 | Title: Single-nucleus transcriptomic analysis of human do...
2026-07-08 16:48:06,241 [INFO] 
>>> 阶段二：开始批量下载 PDF 文献
2026-07-08 16:48:06,241 [INFO] 
--- 处理文献: A single-cell time-lapse of mouse prenatal development from ... ---
2026-07-08 16:48:06,241 [INFO] 尝试使用 scansci-pdf 下载 (DOI: 10.1038/s41586-024-07069-w)...
2026-07-08 16:48:11,213 [INFO] ScanSci PDF - 10.1038/s41586-024-07069-w [fastest]
2026-07-08 16:48:11,233 [INFO]    Racing 13 sources across multiple tiers (parallel)...
2026-07-08 16:48:11,234 [INFO]    [PublisherDirect] Starting for 10.1038/s41586-024-07069-w
2026-07-08 16:48:11,242 [INFO]    try_scihub called for 10.1038/s41586-024-07069-w
2026-07-08 16:48:16,253 [INFO]    [PublisherDirect] Resolved URL: https://www.nature.com/articles/s41586-024-07069-w
2026-07-08 16:48:16,253 [INFO]    [Publisher] Nature: https://www.nature.com/articles/s41586-024-07069-w.pdf...
2026-07-08 16:48:19,502 [INFO]    Sci-Hub domains to try: ['https://sci-hub.ru', 'http://sci-hub.shop', 'http://sci-hub.tw']
2026-07-08 16:48:19,502 [INFO]    Sci-Hub: trying https://sci-hub.ru first...
2026-07-08 16:48:20,612 [INFO]    Sci-Hub: racing 2 backup domains...
2026-07-08 16:48:48,163 [INFO]    OK NatureDirect
2026-07-08 16:48:48,166 [INFO] 成功通过 scansci-pdf 下载: PMID_38355799_A single-cell time-lapse of mouse prenatal development from gastrula to birth..pdf (来源: NatureDirect)
2026-07-08 16:48:48,166 [INFO] 
--- 处理文献: Single-cell integration reveals metaplasia in inflammatory g... ---
2026-07-08 16:48:48,166 [INFO] 尝试使用 scansci-pdf 下载 (DOI: 10.1038/s41586-024-07571-1)...
2026-07-08 16:48:52,300 [INFO] ScanSci PDF - 10.1038/s41586-024-07571-1 [fastest]
2026-07-08 16:48:52,303 [INFO]    Racing 13 sources across multiple tiers (parallel)...
2026-07-08 16:48:52,305 [INFO]    [PublisherDirect] Starting for 10.1038/s41586-024-07571-1
2026-07-08 16:48:52,314 [INFO]    try_scihub called for 10.1038/s41586-024-07571-1
2026-07-08 16:48:52,317 [INFO]    Sci-Hub domains to try: ['https://sci-hub.nz', 'https://sci-hub.st', 'https://sci-hub.ee']
2026-07-08 16:48:52,317 [INFO]    Sci-Hub: trying https://sci-hub.nz first...
2026-07-08 16:48:53,471 [INFO]    Sci-Hub: racing 2 backup domains...
2026-07-08 16:48:54,395 [INFO] curl_cffi: fetching https://sci-hub.st/10.1038/s41586-024-07571-1
2026-07-08 16:48:54,395 [INFO] curl_cffi: fetching https://sci-hub.ee/10.1038/s41586-024-07571-1
2026-07-08 16:48:54,863 [INFO] curl_cffi: HTTP 403
2026-07-08 16:48:54,863 [INFO] FlareSolverr: solving https://sci-hub.st/10.1038/s41586-024-07571-1
2026-07-08 16:48:54,935 [INFO] curl_cffi: HTTP 403
2026-07-08 16:48:54,935 [INFO] FlareSolverr: solving https://sci-hub.ee/10.1038/s41586-024-07571-1
2026-07-08 16:48:56,318 [INFO]    [PublisherDirect] Resolved URL: https://www.nature.com/articles/s41586-024-07571-1
2026-07-08 16:48:56,318 [INFO]    [Publisher] Nature: https://www.nature.com/articles/s41586-024-07571-1.pdf...
2026-07-08 16:48:58,938 [INFO] FlareSolverr: unavailable (ConnectionError)
2026-07-08 16:48:59,015 [INFO] FlareSolverr: unavailable (ConnectionError)
2026-07-08 16:49:15,740 [INFO]    OK NatureDirect
2026-07-08 16:49:15,745 [INFO] 成功通过 scansci-pdf 下载: PMID_39567783_Single-cell integration reveals metaplasia in inflammatory gut diseases..pdf (来源: NatureDirect)
2026-07-08 16:49:15,745 [INFO] 
--- 处理文献: Mapping the developing human immune system across organs.... ---
2026-07-08 16:49:15,745 [INFO] 尝试使用 scansci-pdf 下载 (DOI: 10.1126/science.abo0510)...
2026-07-08 16:49:17,266 [INFO] ScanSci PDF - 10.1126/science.abo0510 [fastest]
2026-07-08 16:49:17,269 [INFO]    Racing 12 sources across multiple tiers (parallel)...
2026-07-08 16:49:17,277 [INFO]    try_scihub called for 10.1126/science.abo0510
2026-07-08 16:49:17,278 [INFO]    Sci-Hub domains to try: ['https://sci-hub.shop', 'http://sci-hub.si', 'http://sci-hub.fun']
2026-07-08 16:49:17,279 [INFO]    Sci-Hub: trying https://sci-hub.shop first...
2026-07-08 16:49:18,246 [INFO]    Sci-Hub: racing 2 backup domains...
2026-07-08 16:50:07,285 [INFO]    All sources timed out after 50s
2026-07-08 16:50:09,333 [WARNING] scansci-pdf 下载失败: unknown error
2026-07-08 16:50:09,334 [INFO] scansci-pdf 失败，尝试 PMC 备用接口 (PMID: 35549310)...
2026-07-08 16:50:09,334 [INFO] 正在尝试 PMC 转换 API 获取 PMID: 35549310
2026-07-08 16:50:14,622 [ERROR] [PMC] 请求发生异常: HTTPSConnectionPool(host='www.ncbi.nlm.nih.gov', port=443): Max retries exceeded with url: /pmc/utils/idconv/v1.0/?ids=35549310&format=json&tool=pmc_downloader&email=pmc_downloader@example.com (Caused by SSLError(SSLEOFError(8, '[SSL: UNEXPECTED_EOF_WHILE_READING] EOF occurred in violation of protocol (_ssl.c:1000)')))
2026-07-08 16:50:14,622 [INFO] 
--- 处理文献: An integrated transcriptomic cell atlas of human endoderm-de... ---
2026-07-08 16:50:14,623 [INFO] 尝试使用 scansci-pdf 下载 (DOI: 10.1038/s41588-025-02182-6)...
2026-07-08 16:50:19,528 [INFO] ScanSci PDF - 10.1038/s41588-025-02182-6 [fastest]
2026-07-08 16:50:19,533 [INFO]    Racing 13 sources across multiple tiers (parallel)...
2026-07-08 16:50:19,538 [INFO]    [PublisherDirect] Starting for 10.1038/s41588-025-02182-6
2026-07-08 16:50:19,548 [INFO]    try_scihub called for 10.1038/s41588-025-02182-6
2026-07-08 16:50:19,549 [INFO]    Sci-Hub domains to try: ['https://sci-hub.41610.org', 'https://sci-hub.se', 'https://sci-hub.tw']
2026-07-08 16:50:19,549 [INFO]    Sci-Hub: trying https://sci-hub.41610.org first...
2026-07-08 17:02:11,088 [INFO]    [PublisherDirect] Resolved URL: None
2026-07-08 17:02:11,090 [INFO]    [Publisher] Nature: https://www.nature.com/articles/s41588-025-02182-6.pdf...
2026-07-08 17:02:11,234 [INFO]    Sci-Hub: racing 2 backup domains...
2026-07-08 17:02:25,744 [INFO]    OK Crossref
2026-07-08 17:02:25,748 [INFO] 成功通过 scansci-pdf 下载: PMID_40355592_An integrated transcriptomic cell atlas of human endoderm-derived organoids..pdf (来源: Crossref)
2026-07-08 17:02:25,748 [INFO] 
--- 处理文献: Cells of the human intestinal tract mapped across space and ... ---
2026-07-08 17:02:25,748 [INFO] 尝试使用 scansci-pdf 下载 (DOI: 10.1038/s41586-021-03852-1)...
2026-07-08 17:02:30,818 [INFO] ScanSci PDF - 10.1038/s41586-021-03852-1 [fastest]
2026-07-08 17:02:30,822 [INFO]    Racing 13 sources across multiple tiers (parallel)...
2026-07-08 17:02:30,825 [INFO]    [PublisherDirect] Starting for 10.1038/s41586-021-03852-1
2026-07-08 17:02:30,839 [INFO]    try_scihub called for 10.1038/s41586-021-03852-1
2026-07-08 17:02:30,842 [INFO]    Sci-Hub domains to try: ['https://sci-hub.ru', 'http://sci-hub.shop', 'http://sci-hub.tw']
2026-07-08 17:02:30,843 [INFO]    Sci-Hub: trying https://sci-hub.ru first...
2026-07-08 17:02:32,105 [INFO] curl_cffi: fetching https://sci-hub.ru/10.1038/s41586-021-03852-1
2026-07-08 17:02:33,168 [INFO] curl_cffi: ok, status=200
2026-07-08 17:02:33,172 [INFO]    Sci-Hub: racing 2 backup domains...
2026-07-08 17:02:35,550 [INFO]    [PublisherDirect] Resolved URL: https://www.nature.com/articles/s41586-021-03852-1
2026-07-08 17:02:35,550 [INFO]    [Publisher] Nature: https://www.nature.com/articles/s41586-021-03852-1.pdf...
2026-07-08 17:02:40,709 [INFO]    OK NatureDirect
2026-07-08 17:02:40,712 [INFO] 成功通过 scansci-pdf 下载: PMID_34497389_Cells of the human intestinal tract mapped across space and time..pdf (来源: NatureDirect)
2026-07-08 17:02:40,712 [INFO] 
--- 处理文献: A single-cell transcriptomic atlas characterizes ageing tiss... ---
2026-07-08 17:02:40,712 [INFO] 尝试使用 scansci-pdf 下载 (DOI: 10.1038/s41586-020-2496-1)...
2026-07-08 17:02:46,191 [INFO] ScanSci PDF - 10.1038/s41586-020-2496-1 [fastest]
2026-07-08 17:02:46,194 [INFO]    Racing 13 sources across multiple tiers (parallel)...
2026-07-08 17:02:46,196 [INFO]    [PublisherDirect] Starting for 10.1038/s41586-020-2496-1
2026-07-08 17:02:46,204 [INFO]    try_scihub called for 10.1038/s41586-020-2496-1
2026-07-08 17:02:46,207 [INFO]    Sci-Hub domains to try: ['https://sci-hub.nz', 'https://sci-hub.shop', 'http://sci-hub.si']
2026-07-08 17:02:46,207 [INFO]    Sci-Hub: trying https://sci-hub.nz first...
2026-07-08 17:02:47,512 [INFO]    Sci-Hub: racing 2 backup domains...
2026-07-08 17:02:50,616 [INFO]    [PublisherDirect] Resolved URL: https://www.nature.com/articles/s41586-020-2496-1
2026-07-08 17:02:50,616 [INFO]    [Publisher] Nature: https://www.nature.com/articles/s41586-020-2496-1.pdf...
2026-07-08 17:02:55,205 [INFO]    OK CORE
2026-07-08 17:02:55,209 [INFO] 成功通过 scansci-pdf 下载: PMID_32669714_A single-cell transcriptomic atlas characterizes ageing tissues in the mouse..pdf (来源: CORE)
2026-07-08 17:02:55,209 [INFO] 
--- 处理文献: Single-nucleus cross-tissue molecular reference maps toward ... ---
2026-07-08 17:02:55,209 [INFO] 尝试使用 scansci-pdf 下载 (DOI: 10.1126/science.abl4290)...
2026-07-08 17:02:56,902 [INFO] ScanSci PDF - 10.1126/science.abl4290 [fastest]
2026-07-08 17:02:56,906 [INFO]    Racing 12 sources across multiple tiers (parallel)...
2026-07-08 17:02:56,913 [INFO]    try_scihub called for 10.1126/science.abl4290
2026-07-08 17:02:56,914 [INFO]    Sci-Hub domains to try: ['http://sci-hub.fun', 'https://sci-hub.do', 'https://sci-hub.is']
2026-07-08 17:02:56,914 [INFO]    Sci-Hub: trying http://sci-hub.fun first...
2026-07-08 17:02:58,930 [INFO]    Sci-Hub: racing 2 backup domains...
2026-07-08 17:03:06,202 [INFO]    OK OpenAlexOA
2026-07-08 17:03:06,209 [INFO] 成功通过 scansci-pdf 下载: PMID_35549429_Single-nucleus cross-tissue molecular reference maps toward understanding disease gene function..pdf (来源: OpenAlexOA)
2026-07-08 17:03:06,209 [INFO] 
--- 处理文献: Charting human development using a multi-endodermal organ at... ---
2026-07-08 17:03:06,209 [INFO] 尝试使用 scansci-pdf 下载 (DOI: 10.1016/j.cell.2021.04.028)...
2026-07-08 17:03:08,332 [INFO] ScanSci PDF - 10.1016/j.cell.2021.04.028 [fastest]
2026-07-08 17:03:08,336 [INFO]    Racing 11 sources across multiple tiers (parallel)...
2026-07-08 17:03:08,346 [INFO]    try_scihub called for 10.1016/j.cell.2021.04.028
2026-07-08 17:03:08,351 [INFO]    Sci-Hub domains to try: ['https://sci-hub.la', 'http://sci-hub.vk', 'http://sci-hub.se']
2026-07-08 17:03:08,352 [INFO]    Sci-Hub: trying https://sci-hub.la first...
2026-07-08 17:03:09,611 [INFO]    Sci-Hub: racing 2 backup domains...
2026-07-08 17:03:58,356 [INFO]    All sources timed out after 50s
2026-07-08 17:04:00,404 [WARNING] scansci-pdf 下载失败: unknown error
2026-07-08 17:04:00,405 [INFO] scansci-pdf 失败，尝试 PMC 备用接口 (PMID: 34019796)...
2026-07-08 17:04:00,405 [INFO] 正在尝试 PMC 转换 API 获取 PMID: 34019796
2026-07-08 17:04:05,810 [ERROR] [PMC] 请求发生异常: HTTPSConnectionPool(host='www.ncbi.nlm.nih.gov', port=443): Max retries exceeded with url: /pmc/utils/idconv/v1.0/?ids=34019796&format=json&tool=pmc_downloader&email=pmc_downloader@example.com (Caused by SSLError(SSLEOFError(8, '[SSL: UNEXPECTED_EOF_WHILE_READING] EOF occurred in violation of protocol (_ssl.c:1000)')))
2026-07-08 17:04:05,811 [INFO] 
--- 处理文献: A human fetal lung cell atlas uncovers proximal-distal gradi... ---
2026-07-08 17:04:05,811 [INFO] 尝试使用 scansci-pdf 下载 (DOI: 10.1016/j.cell.2022.11.005)...
2026-07-08 17:04:07,961 [INFO] ScanSci PDF - 10.1016/j.cell.2022.11.005 [fastest]
2026-07-08 17:04:07,964 [INFO]    Racing 11 sources across multiple tiers (parallel)...
2026-07-08 17:04:07,974 [INFO]    try_scihub called for 10.1016/j.cell.2022.11.005
2026-07-08 17:04:07,975 [INFO]    Sci-Hub domains to try: ['http://sci-hub.se', 'http://sci-hub.ooo', 'http://sci-hub.ga']
2026-07-08 17:04:07,975 [INFO]    Sci-Hub: trying http://sci-hub.se first...
2026-07-08 17:04:08,278 [INFO]    Sci-Hub: racing 2 backup domains...
2026-07-08 17:04:57,982 [INFO]    All sources timed out after 50s
2026-07-08 17:05:00,025 [WARNING] scansci-pdf 下载失败: unknown error
2026-07-08 17:05:00,025 [INFO] scansci-pdf 失败，尝试 PMC 备用接口 (PMID: 36493756)...
2026-07-08 17:05:00,025 [INFO] 正在尝试 PMC 转换 API 获取 PMID: 36493756
2026-07-08 17:05:05,347 [ERROR] [PMC] 请求发生异常: HTTPSConnectionPool(host='www.ncbi.nlm.nih.gov', port=443): Max retries exceeded with url: /pmc/utils/idconv/v1.0/?ids=36493756&format=json&tool=pmc_downloader&email=pmc_downloader@example.com (Caused by SSLError(SSLEOFError(8, '[SSL: UNEXPECTED_EOF_WHILE_READING] EOF occurred in violation of protocol (_ssl.c:1000)')))
2026-07-08 17:05:05,347 [INFO] 
--- 处理文献: Spatiotemporal analysis of human intestinal development at s... ---
2026-07-08 17:05:05,348 [INFO] 尝试使用 scansci-pdf 下载 (DOI: 10.1016/j.cell.2020.12.016)...
2026-07-08 17:05:07,846 [INFO] ScanSci PDF - 10.1016/j.cell.2020.12.016 [fastest]
2026-07-08 17:05:07,851 [INFO]    Racing 11 sources across multiple tiers (parallel)...
2026-07-08 17:05:07,862 [INFO]    try_scihub called for 10.1016/j.cell.2020.12.016
2026-07-08 17:05:07,864 [INFO]    Sci-Hub domains to try: ['http://sci-hub.se', 'http://sci-hub.ooo', 'http://sci-hub.ga']
2026-07-08 17:05:07,864 [INFO]    Sci-Hub: trying http://sci-hub.se first...
2026-07-08 17:05:08,180 [INFO]    Sci-Hub: racing 2 backup domains...
2026-07-08 17:05:57,864 [INFO]    All sources timed out after 50s
2026-07-08 17:05:59,887 [WARNING] scansci-pdf 下载失败: unknown error
2026-07-08 17:05:59,887 [INFO] scansci-pdf 失败，尝试 PMC 备用接口 (PMID: 33406409)...
2026-07-08 17:05:59,887 [INFO] 正在尝试 PMC 转换 API 获取 PMID: 33406409
2026-07-08 17:13:30,242 [ERROR] [PMC] 请求发生异常: HTTPSConnectionPool(host='www.ncbi.nlm.nih.gov', port=443): Max retries exceeded with url: /pmc/utils/idconv/v1.0/?ids=33406409&format=json&tool=pmc_downloader&email=pmc_downloader@example.com (Caused by SSLError(SSLEOFError(8, '[SSL: UNEXPECTED_EOF_WHILE_READING] EOF occurred in violation of protocol (_ssl.c:1000)')))
2026-07-08 17:13:30,243 [INFO] 
--- 处理文献: Single-cell integration and multi-modal profiling reveals ph... ---
2026-07-08 17:13:30,244 [INFO] 尝试使用 scansci-pdf 下载 (DOI: 10.1016/j.ccell.2025.12.003)...
2026-07-08 17:13:35,490 [INFO] ScanSci PDF - 10.1016/j.ccell.2025.12.003 [fastest]
2026-07-08 17:13:35,494 [INFO]    Racing 11 sources across multiple tiers (parallel)...
2026-07-08 17:13:35,502 [INFO]    try_scihub called for 10.1016/j.ccell.2025.12.003
2026-07-08 17:13:35,504 [INFO]    Sci-Hub domains to try: ['http://sci-hub.shop', 'http://sci-hub.tw', 'https://sci-hub.nz']
2026-07-08 17:13:35,504 [INFO]    Sci-Hub: trying http://sci-hub.shop first...
2026-07-08 17:13:36,012 [INFO]    Sci-Hub: racing 2 backup domains...
2026-07-08 17:14:01,693 [INFO] ===== CellxGene 82套数据集文献自动下载与归纳脚本启动 =====
2026-07-08 17:14:01,701 [INFO] 成功读取 D:\OneDrive\Desktop\组\db\cellxgene\cellxgene_filtered\filtered_datasets.csv，包含数据集记录共: 82 条
2026-07-08 17:14:01,703 [INFO] 经合并去重，共计包含独特论文/文献记录数: 82
2026-07-08 17:14:01,703 [INFO] 
>>> 阶段一：开始 DOI 到 PMID 批量转换 (使用 Europe PMC)
2026-07-08 17:14:04,340 [INFO] 成功通过 Europe PMC 转换 DOI [10.1038/s41586-024-07069-w] -> PMID: 38355799 | Title: A single-cell time-lapse of mouse prenatal develop...
2026-07-08 17:14:06,981 [INFO] 成功通过 Europe PMC 转换 DOI [10.1038/s41586-024-07571-1] -> PMID: 39567783 | Title: Single-cell integration reveals metaplasia in infl...
2026-07-08 17:14:09,831 [INFO] 成功通过 Europe PMC 转换 DOI [10.1126/science.abo0510] -> PMID: 35549310 | Title: Mapping the developing human immune system across ...
2026-07-08 17:14:14,341 [INFO] 成功通过 Europe PMC 转换 DOI [10.1038/s41588-025-02182-6] -> PMID: 40355592 | Title: An integrated transcriptomic cell atlas of human e...
2026-07-08 17:14:17,120 [INFO] 成功通过 Europe PMC 转换 DOI [10.1038/s41586-021-03852-1] -> PMID: 34497389 | Title: Cells of the human intestinal tract mapped across ...
2026-07-08 17:14:19,804 [INFO] 成功通过 Europe PMC 转换 DOI [10.1038/s41586-020-2496-1] -> PMID: 32669714 | Title: A single-cell transcriptomic atlas characterizes a...
2026-07-08 17:14:23,161 [INFO] 成功通过 Europe PMC 转换 DOI [10.1126/science.abl4290] -> PMID: 35549429 | Title: Single-nucleus cross-tissue molecular reference ma...
2026-07-08 17:14:26,675 [INFO] 成功通过 Europe PMC 转换 DOI [10.1016/j.cell.2021.04.028] -> PMID: 34019796 | Title: Charting human development using a multi-endoderma...
2026-07-08 17:14:30,480 [INFO] 成功通过 Europe PMC 转换 DOI [10.1016/j.cell.2022.11.005] -> PMID: 36493756 | Title: A human fetal lung cell atlas uncovers proximal-di...
2026-07-08 17:14:33,215 [INFO] 成功通过 Europe PMC 转换 DOI [10.1016/j.cell.2020.12.016] -> PMID: 33406409 | Title: Spatiotemporal analysis of human intestinal develo...
2026-07-08 17:14:36,117 [INFO] 成功通过 Europe PMC 转换 DOI [10.1016/j.ccell.2025.12.003] -> PMID: 41529665 | Title: Single-cell integration and multi-modal profiling ...
2026-07-08 17:14:38,796 [INFO] 成功通过 Europe PMC 转换 DOI [10.1038/s41586-026-10627-z] -> PMID: 42236949 | Title: Cell-type-resolved genetic variation shapes inflam...
2026-07-08 17:14:41,447 [INFO] 成功通过 Europe PMC 转换 DOI [10.1016/j.cell.2021.08.003] -> PMID: 34450029 | Title: Spatially organized multicellular immune hubs in h...
2026-07-08 17:14:44,159 [INFO] 成功通过 Europe PMC 转换 DOI [10.1016/j.cell.2023.11.026] -> PMID: 38134877 | Title: Automatic cell-type harmonization and integration ...
2026-07-08 17:14:47,478 [INFO] 成功通过 Europe PMC 转换 DOI [10.1016/j.xcrm.2024.101556] -> PMID: 38776872 | Title: Transcriptomic and spatial dissection of human ex ...
2026-07-08 17:14:50,392 [INFO] 成功通过 Europe PMC 转换 DOI [10.1038/s41588-022-01243-4] -> PMID: 36543915 | Title: A spatially resolved atlas of the human lung chara...
2026-07-08 17:14:53,072 [INFO] 成功通过 Europe PMC 转换 DOI [10.1038/s41467-024-52052-8] -> PMID: 39362841 | Title: The single-cell transcriptomic atlas iPain identif...
2026-07-08 17:14:55,741 [INFO] 成功通过 Europe PMC 转换 DOI [10.1038/s43587-024-00613-3] -> PMID: 38622407 | Title: Human skeletal muscle aging atlas....
2026-07-08 17:14:58,649 [INFO] 成功通过 Europe PMC 转换 DOI [10.1164/rccm.202207-1384OC] -> PMID: 36796082 | Title: A Unique Cellular Organization of Human Distal Air...
2026-07-08 17:15:01,279 [INFO] 成功通过 Europe PMC 转换 DOI [10.1038/s41467-025-57487-1] -> PMID: 40044687 | Title: Single-nuclei sequencing of skeletal muscle reveal...
2026-07-08 17:15:04,038 [INFO] 成功通过 Europe PMC 转换 DOI [10.1101/2021.09.17.21263540] -> PMID: None | Title: Concerted changes in the pediatric single-cell int...
2026-07-08 17:15:06,688 [INFO] 成功通过 Europe PMC 转换 DOI [10.1016/j.devcel.2020.11.010] -> PMID: 33290721 | Title: Single-Cell Sequencing of Developing Human Gut Rev...
2026-07-08 17:15:09,360 [INFO] 成功通过 Europe PMC 转换 DOI [10.1101/2024.03.05.583423] -> PMID: None | Title: Transcriptional dynamics of the murine heart durin...
2026-07-08 17:15:12,066 [INFO] 成功通过 Europe PMC 转换 DOI [10.1126/science.abl4896] -> PMID: 35549404 | Title: The Tabula Sapiens: A multiple-organ, single-cell ...
2026-07-08 17:15:15,589 [INFO] 成功通过 Europe PMC 转换 DOI [10.1038/s41591-021-01586-1] -> PMID: 34887578 | Title: Insulin is expressed by enteroendocrine cells duri...
2026-07-08 17:15:18,206 [INFO] 成功通过 Europe PMC 转换 DOI [10.1016/j.cell.2019.08.008] -> PMID: 31474370 | Title: Single-Cell Analysis of Crohn's Disease Lesions Id...
2026-07-08 17:15:21,185 [INFO] 成功通过 Europe PMC 转换 DOI [10.1016/j.celrep.2024.114247] -> PMID: 38907996 | Title: An iPSC-derived small intestine-on-chip with self-...
2026-07-08 17:15:23,819 [INFO] 成功通过 Europe PMC 转换 DOI [10.1038/s41591-023-02327-2] -> PMID: 37291214 | Title: An integrated cell atlas of the lung in health and...
2026-07-08 17:15:23,820 [INFO] 文献无 DOI，使用 Collection Name 作为标题: Single cell atlas of the human optic nerve
2026-07-08 17:15:26,477 [INFO] 成功通过 Europe PMC 转换 DOI [10.1126/science.abo1984] -> PMID: 35926050 | Title: Pathogenic variants damage cell composition and si...
2026-07-08 17:15:29,144 [INFO] 成功通过 Europe PMC 转换 DOI [10.1038/s41588-024-01702-0] -> PMID: 38548990 | Title: Cell-type-specific and disease-associated expressi...
2026-07-08 17:15:31,766 [INFO] 成功通过 Europe PMC 转换 DOI [10.1038/s41588-025-02158-6] -> PMID: 40229600 | Title: Longitudinal single-cell multiomic atlas of high-r...
2026-07-08 17:15:34,402 [INFO] 成功通过 Europe PMC 转换 DOI [10.1038/s41467-023-40173-5] -> PMID: 37516747 | Title: Guided construction of single cell reference for h...
2026-07-08 17:15:37,077 [INFO] 成功通过 Europe PMC 转换 DOI [10.1101/2025.09.26.678707] -> PMID: None | Title: Cellular and Spatial Drivers of Unresolved Injury ...
2026-07-08 17:15:40,102 [INFO] 成功通过 Europe PMC 转换 DOI [10.1038/s42255-023-00876-x] -> PMID: 37697055 | Title: Delineating mouse β-cell identity during lifetime ...
2026-07-08 17:15:42,918 [INFO] 成功通过 Europe PMC 转换 DOI [10.1158/2159-8290.cd-22-0824] -> PMID: 36929873 | Title: Single-Cell RNA Sequencing Unifies Developmental P...
2026-07-08 17:15:45,542 [INFO] 成功通过 Europe PMC 转换 DOI [10.1038/s41467-026-69587-7] -> PMID: 41741455 | Title: Multi-modal skin atlas identifies a multicellular ...
2026-07-08 17:15:45,543 [INFO] 文献无 DOI，使用 Collection Name 作为标题: Bronchopulmonary Dysplasia
2026-07-08 17:15:48,172 [INFO] 成功通过 Europe PMC 转换 DOI [10.1101/2025.01.17.633590] -> PMID: None | Title: Single-cell decoding of human islet cell type-spec...
2026-07-08 17:15:51,657 [INFO] 成功通过 Europe PMC 转换 DOI [10.1038/s41586-021-04345-x] -> PMID: 34937051 | Title: Local and systemic responses to SARS-CoV-2 infecti...
2026-07-08 17:15:54,339 [INFO] 成功通过 Europe PMC 转换 DOI [10.1038/s44161-025-00612-6] -> PMID: 39994453 | Title: The cellular and molecular cardiac tissue response...
2026-07-08 17:15:57,072 [INFO] 成功通过 Europe PMC 转换 DOI [10.1038/s41467-021-21783-3] -> PMID: 33686070 | Title: Time-resolved single-cell analysis of Brca1 associ...
2026-07-08 17:15:59,799 [INFO] 成功通过 Europe PMC 转换 DOI [10.1126/science.aba6500] -> PMID: 33479125 | Title: Developmental cell programs are co-opted in inflam...
2026-07-08 17:16:02,606 [INFO] 成功通过 Europe PMC 转换 DOI [10.1038/s42003-024-07315-x] -> PMID: 39627536 | Title: Cross-species single-cell RNA-seq analysis reveals...
2026-07-08 17:16:05,447 [INFO] 成功通过 Europe PMC 转换 DOI [10.1038/s41586-022-05060-x] -> PMID: 35948637 | Title: Spatial multi-omic map of human myocardial infarct...
2026-07-08 17:16:10,121 [INFO] 成功通过 Europe PMC 转换 DOI [10.1038/s41586-022-04989-3] -> PMID: 35732239 | Title: Integrated multi-omic characterization of congenit...
2026-07-08 17:16:12,878 [INFO] 成功通过 Europe PMC 转换 DOI [10.1016/j.immuni.2023.01.002] -> PMID: 36720220 | Title: The landscape of immune dysregulation in Crohn's d...
2026-07-08 17:16:15,787 [INFO] 成功通过 Europe PMC 转换 DOI [10.1073/pnas.2313326120] -> PMID: 38165934 | Title: Multiscale spatial mapping of cell populations acr...
2026-07-08 17:16:18,884 [INFO] 成功通过 Europe PMC 转换 DOI [10.1038/s41586-021-03569-1] -> PMID: 33915568 | Title: A molecular single-cell lung atlas of lethal COVID...
2026-07-08 17:16:21,591 [INFO] 成功通过 Europe PMC 转换 DOI [10.1038/s41586-021-03929-x] -> PMID: 34588693 | Title: Blood and immune development in human fetal bone m...
2026-07-08 17:16:24,214 [INFO] 成功通过 Europe PMC 转换 DOI [10.1016/j.jcf.2025.01.016] -> PMID: 39947933 | Title: Evidence for altered immune-structural cell crosst...
2026-07-08 17:16:27,120 [INFO] 成功通过 Europe PMC 转换 DOI [10.64898/2025.12.18.695268] -> PMID: None | Title: A poly(A) isoform–aware single-cell and spatial at...
2026-07-08 17:16:29,852 [INFO] 成功通过 Europe PMC 转换 DOI [10.1101/2025.09.14.673351] -> PMID: None | Title: Single-Nucleus Analysis of Human White Adipose Tis...
2026-07-08 17:16:32,756 [INFO] 成功通过 Europe PMC 转换 DOI [10.1101/2024.10.23.619925] -> PMID: None | Title: Profiling of epithelial functional states and fibr...
2026-07-08 17:16:35,460 [INFO] 成功通过 Europe PMC 转换 DOI [10.1038/s42003-021-02562-8] -> PMID: 34497364 | Title: Identification of distinct tumor cell populations ...
2026-07-08 17:16:38,134 [INFO] 成功通过 Europe PMC 转换 DOI [10.1038/s41586-020-2922-4] -> PMID: 33208946 | Title: A molecular cell atlas of the human lung from sing...
2026-07-08 17:16:42,912 [INFO] 成功通过 Europe PMC 转换 DOI [10.1016/j.cell.2021.11.031] -> PMID: 34910928 | Title: Differential pre-malignant programs and microenvir...
2026-07-08 17:16:45,578 [INFO] 成功通过 Europe PMC 转换 DOI [10.1038/s44161-022-00183-w] -> PMID: 36938497 | Title: A single-cell comparison of adult and fetal human ...
2026-07-08 17:16:48,706 [INFO] 成功通过 Europe PMC 转换 DOI [10.1016/j.healun.2026.02.1666] -> PMID: 41740941 | Title: Human lung allografts experience persistent fibrog...
2026-07-08 17:16:51,663 [INFO] 成功通过 Europe PMC 转换 DOI [10.1161/CIRCULATIONAHA.120.051921] -> PMID: 33682422 | Title: Sex-Specific Control of Human Heart Maturation by ...
2026-07-08 17:16:54,319 [INFO] 成功通过 Europe PMC 转换 DOI [10.1038/s41467-023-40505-5] -> PMID: 37591828 | Title: Single-cell genomics improves the discovery of ris...
2026-07-08 17:16:57,206 [INFO] 成功通过 Europe PMC 转换 DOI [10.1038/s41586-024-08560-0] -> PMID: 39789339 | Title: Author Correction: Progressive plasticity during c...
2026-07-08 17:17:00,086 [INFO] 成功通过 Europe PMC 转换 DOI [10.7554/eLife.62522] -> PMID: 33164753 | Title: Single-cell multiomic profiling of human lungs rev...
2026-07-08 17:17:03,030 [INFO] 成功通过 Europe PMC 转换 DOI [10.1016/j.jcmgh.2025.101665] -> PMID: 41115527 | Title: An Epigenetic Basis for Sustained Inflammatory Epi...
2026-07-08 17:17:06,660 [INFO] 成功通过 Europe PMC 转换 DOI [10.1016/j.cell.2019.06.029] -> PMID: 31348891 | Title: Intra- and Inter-cellular Rewiring of the Human Co...
2026-07-08 17:17:09,473 [INFO] 成功通过 Europe PMC 转换 DOI [10.1016/j.cell.2021.07.023] -> PMID: 34352228 | Title: Impaired local intrinsic immunity to SARS-CoV-2 in...
2026-07-08 17:17:12,119 [INFO] 成功通过 Europe PMC 转换 DOI [10.1002/pros.24020] -> PMID: 32497356 | Title: Urethral luminal epithelia are castration-insensit...
2026-07-08 17:17:14,754 [INFO] 成功通过 Europe PMC 转换 DOI [10.1016/j.celrep.2018.11.086] -> PMID: 30566875 | Title: A Cellular Anatomy of the Normal Adult Human Prost...
2026-07-08 17:17:17,417 [INFO] 成功通过 Europe PMC 转换 DOI [10.1126/science.aat5031] -> PMID: 31604275 | Title: Spatiotemporal immune zonation of the human kidney...
2026-07-08 17:17:20,680 [INFO] 成功通过 Europe PMC 转换 DOI [10.1038/s41586-021-03710-0] -> PMID: 34153974 | Title: Dysregulation of brain and choroid plexus cell typ...
2026-07-08 17:17:23,312 [INFO] 成功通过 Europe PMC 转换 DOI [10.1016/j.stem.2022.11.013] -> PMID: 36493780 | Title: Organoid modeling of human fetal lung alveolar dev...
2026-07-08 17:17:26,340 [INFO] 成功通过 Europe PMC 转换 DOI [10.1038/s41556-023-01337-z] -> PMID: 38321203 | Title: Epithelial zonation along the mouse and human smal...
2026-07-08 17:17:29,125 [INFO] 成功通过 Europe PMC 转换 DOI [10.1016/j.isci.2024.111628] -> PMID: 39850354 | Title: Exploring the utility of snRNA-seq in profiling hu...
2026-07-08 17:17:31,918 [INFO] 成功通过 Europe PMC 转换 DOI [10.1016/j.jcmgh.2022.02.007] -> PMID: 35176508 | Title: A Proximal-to-Distal Survey of Healthy Adult Human...
2026-07-08 17:17:35,523 [INFO] 成功通过 Europe PMC 转换 DOI [10.1038/s41591-024-03215-z] -> PMID: 39478111 | Title: A multi-modal single-cell and spatial expression m...
2026-07-08 17:17:38,211 [INFO] 成功通过 Europe PMC 转换 DOI [10.3389/fimmu.2023.1211505] -> PMID: 37809094 | Title: Inflammation-mediated fibroblast activation and im...
2026-07-08 17:17:41,103 [INFO] 成功通过 Europe PMC 转换 DOI [10.1038/s44318-024-00328-6] -> PMID: 39815007 | Title: A novel human fetal lung-derived alveolar organoid...
2026-07-08 17:17:44,503 [INFO] 成功通过 Europe PMC 转换 DOI [10.1126/sciimmunol.adf9988] -> PMID: 38100545 | Title: Early human lung immune cell development and its r...
2026-07-08 17:17:47,614 [WARNING] Europe PMC 未能找到 DOI [10.3389/fdmed.2021.806294] 的信息
2026-07-08 17:17:50,413 [INFO] 成功通过 Europe PMC 转换 DOI [10.1084/jem.20191130] -> PMID: 31753849 | Title: Single-cell transcriptome analysis reveals differe...
2026-07-08 17:17:53,098 [INFO] 成功通过 Europe PMC 转换 DOI [10.1016/j.cell.2017.09.004] -> PMID: 28965763 | Title: Single-Cell Analysis of Human Pancreas Reveals Tra...
2026-07-08 17:17:55,769 [INFO] 成功通过 Europe PMC 转换 DOI [10.7554/eLife.71752] -> PMID: 34825887 | Title: Single-nucleus transcriptomic analysis of human do...
2026-07-08 17:17:55,770 [INFO] 
>>> 阶段二：开始批量下载 PDF 文献
2026-07-08 17:17:55,771 [INFO] 
--- 处理文献: A single-cell time-lapse of mouse prenatal development from ... ---
2026-07-08 17:17:55,772 [INFO] 本地已存在合规 PDF，跳过下载。
2026-07-08 17:17:55,772 [INFO] 
--- 处理文献: Single-cell integration reveals metaplasia in inflammatory g... ---
2026-07-08 17:17:55,773 [INFO] 本地已存在合规 PDF，跳过下载。
2026-07-08 17:17:55,773 [INFO] 
--- 处理文献: Mapping the developing human immune system across organs.... ---
2026-07-08 17:17:55,773 [INFO] 尝试使用 scansci-pdf 下载 (DOI: 10.1126/science.abo0510)...
2026-07-08 17:17:58,363 [INFO] ScanSci PDF - 10.1126/science.abo0510 [fastest]
2026-07-08 17:17:58,367 [INFO]    Racing 12 sources across multiple tiers (parallel)...
2026-07-08 17:17:58,384 [INFO]    try_scihub called for 10.1126/science.abo0510
2026-07-08 17:17:58,395 [INFO]    Sci-Hub domains to try: ['https://sci-hub.ru', 'https://sci-hub.st', 'https://sci-hub.ee']
2026-07-08 17:17:58,395 [INFO]    Sci-Hub: trying https://sci-hub.ru first...
2026-07-08 17:17:59,525 [INFO] curl_cffi: fetching https://sci-hub.ru/10.1126/science.abo0510
2026-07-08 17:18:00,160 [INFO] curl_cffi: HTTP 403
2026-07-08 17:18:00,161 [INFO] FlareSolverr: solving https://sci-hub.ru/10.1126/science.abo0510
2026-07-08 17:18:04,269 [INFO] FlareSolverr: unavailable (ConnectionError)
2026-07-08 17:18:04,273 [INFO]    Sci-Hub: racing 2 backup domains...
2026-07-08 17:18:04,978 [INFO] curl_cffi: fetching https://sci-hub.st/10.1126/science.abo0510
2026-07-08 17:18:05,038 [INFO] curl_cffi: fetching https://sci-hub.ee/10.1126/science.abo0510
2026-07-08 17:18:05,439 [INFO] curl_cffi: HTTP 403
2026-07-08 17:18:05,440 [INFO] FlareSolverr: solving https://sci-hub.st/10.1126/science.abo0510
2026-07-08 17:18:05,582 [INFO] curl_cffi: HTTP 403
2026-07-08 17:18:05,582 [INFO] FlareSolverr: solving https://sci-hub.ee/10.1126/science.abo0510
2026-07-08 17:18:09,566 [INFO] FlareSolverr: unavailable (ConnectionError)
2026-07-08 17:18:09,689 [INFO] FlareSolverr: unavailable (ConnectionError)
2026-07-08 17:18:48,396 [INFO]    All sources timed out after 50s
2026-07-08 17:18:50,450 [WARNING] scansci-pdf 下载失败: unknown error
2026-07-08 17:18:50,450 [INFO] scansci-pdf 失败，尝试 PMC 备用接口 (PMID: 35549310)...
2026-07-08 17:18:50,451 [INFO] 正在尝试 PMC 转换 API 获取 PMID: 35549310
2026-07-08 17:18:55,739 [ERROR] [PMC] 请求发生异常 (已跳过): HTTPSConnectionPool(host='www.ncbi.nlm.nih.gov', port=443): Max retries exceeded with url: /pmc/utils/idconv/v1.0/?ids=35549310&format=json&tool=pmc_downloader&email=pmc_downloader@example.com (Caused by SSLError(SSLEOFError(8, '[SSL: UNEXPECTED_EOF_WHILE_READING] EOF occurred in violation of protocol (_ssl.c:1000)')))
2026-07-08 17:18:55,739 [INFO] 
--- 处理文献: An integrated transcriptomic cell atlas of human endoderm-de... ---
2026-07-08 17:18:55,740 [INFO] 本地已存在合规 PDF，跳过下载。
2026-07-08 17:18:55,740 [INFO] 
--- 处理文献: Cells of the human intestinal tract mapped across space and ... ---
2026-07-08 17:18:55,741 [INFO] 本地已存在合规 PDF，跳过下载。
2026-07-08 17:18:55,741 [INFO] 
--- 处理文献: A single-cell transcriptomic atlas characterizes ageing tiss... ---
2026-07-08 17:18:55,742 [INFO] 本地已存在合规 PDF，跳过下载。
2026-07-08 17:18:55,742 [INFO] 
--- 处理文献: Single-nucleus cross-tissue molecular reference maps toward ... ---
2026-07-08 17:18:55,743 [INFO] 本地已存在合规 PDF，跳过下载。
2026-07-08 17:18:55,743 [INFO] 
--- 处理文献: Charting human development using a multi-endodermal organ at... ---
2026-07-08 17:18:55,743 [INFO] 尝试使用 scansci-pdf 下载 (DOI: 10.1016/j.cell.2021.04.028)...
2026-07-08 17:19:01,113 [INFO] ScanSci PDF - 10.1016/j.cell.2021.04.028 [fastest]
2026-07-08 17:19:01,128 [INFO]    Racing 11 sources across multiple tiers (parallel)...
2026-07-08 17:19:01,162 [INFO]    try_scihub called for 10.1016/j.cell.2021.04.028
2026-07-08 17:19:01,169 [INFO]    Sci-Hub domains to try: ['http://sci-hub.shop', 'http://sci-hub.tw', 'https://sci-hub.nz']
2026-07-08 17:19:01,170 [INFO]    Sci-Hub: trying http://sci-hub.shop first...
2026-07-08 17:19:02,730 [INFO]    Sci-Hub: racing 2 backup domains...
2026-07-08 17:19:51,170 [INFO]    All sources timed out after 50s
2026-07-08 17:19:53,218 [WARNING] scansci-pdf 下载失败: unknown error
2026-07-08 17:19:53,218 [INFO] scansci-pdf 失败，尝试 PMC 备用接口 (PMID: 34019796)...
2026-07-08 17:19:53,219 [INFO] 正在尝试 PMC 转换 API 获取 PMID: 34019796
2026-07-08 17:19:58,525 [ERROR] [PMC] 请求发生异常 (已跳过): HTTPSConnectionPool(host='www.ncbi.nlm.nih.gov', port=443): Max retries exceeded with url: /pmc/utils/idconv/v1.0/?ids=34019796&format=json&tool=pmc_downloader&email=pmc_downloader@example.com (Caused by SSLError(SSLEOFError(8, '[SSL: UNEXPECTED_EOF_WHILE_READING] EOF occurred in violation of protocol (_ssl.c:1000)')))
2026-07-08 17:19:58,525 [INFO] 
--- 处理文献: A human fetal lung cell atlas uncovers proximal-distal gradi... ---
2026-07-08 17:19:58,526 [INFO] 尝试使用 scansci-pdf 下载 (DOI: 10.1016/j.cell.2022.11.005)...
2026-07-08 17:20:04,024 [INFO] ScanSci PDF - 10.1016/j.cell.2022.11.005 [fastest]
2026-07-08 17:20:04,037 [INFO]    Racing 11 sources across multiple tiers (parallel)...
2026-07-08 17:20:04,066 [INFO]    try_scihub called for 10.1016/j.cell.2022.11.005
2026-07-08 17:20:04,075 [INFO]    Sci-Hub domains to try: ['https://sci-hub.shop', 'http://sci-hub.si', 'http://sci-hub.fun']
2026-07-08 17:20:04,076 [INFO]    Sci-Hub: trying https://sci-hub.shop first...
2026-07-08 17:20:05,904 [INFO]    Sci-Hub: racing 2 backup domains...
2026-07-08 17:20:54,077 [INFO]    All sources timed out after 50s
2026-07-08 17:20:56,139 [WARNING] scansci-pdf 下载失败: unknown error
2026-07-08 17:20:56,140 [INFO] scansci-pdf 失败，尝试 PMC 备用接口 (PMID: 36493756)...
2026-07-08 17:20:56,140 [INFO] 正在尝试 PMC 转换 API 获取 PMID: 36493756
2026-07-08 17:21:01,435 [ERROR] [PMC] 请求发生异常 (已跳过): HTTPSConnectionPool(host='www.ncbi.nlm.nih.gov', port=443): Max retries exceeded with url: /pmc/utils/idconv/v1.0/?ids=36493756&format=json&tool=pmc_downloader&email=pmc_downloader@example.com (Caused by SSLError(SSLEOFError(8, '[SSL: UNEXPECTED_EOF_WHILE_READING] EOF occurred in violation of protocol (_ssl.c:1000)')))
2026-07-08 17:21:01,435 [INFO] 
--- 处理文献: Spatiotemporal analysis of human intestinal development at s... ---
2026-07-08 17:21:01,435 [INFO] 尝试使用 scansci-pdf 下载 (DOI: 10.1016/j.cell.2020.12.016)...
2026-07-08 17:21:06,879 [INFO] ScanSci PDF - 10.1016/j.cell.2020.12.016 [fastest]
2026-07-08 17:21:06,892 [INFO]    Racing 11 sources across multiple tiers (parallel)...
2026-07-08 17:21:06,923 [INFO]    try_scihub called for 10.1016/j.cell.2020.12.016
2026-07-08 17:21:06,927 [INFO]    Sci-Hub domains to try: ['https://sci-hub.41610.org', 'https://sci-hub.se', 'https://sci-hub.tw']
2026-07-08 17:21:06,927 [INFO]    Sci-Hub: trying https://sci-hub.41610.org first...
2026-07-08 17:21:13,544 [INFO]    Sci-Hub: racing 2 backup domains...
2026-07-08 17:21:56,936 [INFO]    All sources timed out after 50s
2026-07-08 17:21:58,996 [WARNING] scansci-pdf 下载失败: unknown error
2026-07-08 17:21:58,997 [INFO] scansci-pdf 失败，尝试 PMC 备用接口 (PMID: 33406409)...
2026-07-08 17:21:58,997 [INFO] 正在尝试 PMC 转换 API 获取 PMID: 33406409
2026-07-08 17:22:04,346 [ERROR] [PMC] 请求发生异常 (已跳过): HTTPSConnectionPool(host='www.ncbi.nlm.nih.gov', port=443): Max retries exceeded with url: /pmc/utils/idconv/v1.0/?ids=33406409&format=json&tool=pmc_downloader&email=pmc_downloader@example.com (Caused by SSLError(SSLEOFError(8, '[SSL: UNEXPECTED_EOF_WHILE_READING] EOF occurred in violation of protocol (_ssl.c:1000)')))
2026-07-08 17:22:04,346 [INFO] 
--- 处理文献: Single-cell integration and multi-modal profiling reveals ph... ---
2026-07-08 17:22:04,346 [INFO] 尝试使用 scansci-pdf 下载 (DOI: 10.1016/j.ccell.2025.12.003)...
2026-07-08 17:22:06,605 [INFO] ScanSci PDF - 10.1016/j.ccell.2025.12.003 [fastest]
2026-07-08 17:22:06,608 [INFO]    Racing 11 sources across multiple tiers (parallel)...
2026-07-08 17:22:06,621 [INFO]    try_scihub called for 10.1016/j.ccell.2025.12.003
2026-07-08 17:22:06,623 [INFO]    Sci-Hub domains to try: ['https://sci-hub.do', 'https://sci-hub.is', 'https://sci-hub.la']
2026-07-08 17:22:06,623 [INFO]    Sci-Hub: trying https://sci-hub.do first...
2026-07-08 17:22:11,997 [INFO]    Sci-Hub: racing 2 backup domains...
2026-07-08 17:22:56,623 [INFO]    All sources timed out after 50s
2026-07-08 17:22:58,664 [WARNING] scansci-pdf 下载失败: unknown error
2026-07-08 17:22:58,664 [INFO] scansci-pdf 失败，尝试 PMC 备用接口 (PMID: 41529665)...
2026-07-08 17:22:58,664 [INFO] 正在尝试 PMC 转换 API 获取 PMID: 41529665
2026-07-08 17:23:03,956 [ERROR] [PMC] 请求发生异常 (已跳过): HTTPSConnectionPool(host='www.ncbi.nlm.nih.gov', port=443): Max retries exceeded with url: /pmc/utils/idconv/v1.0/?ids=41529665&format=json&tool=pmc_downloader&email=pmc_downloader@example.com (Caused by SSLError(SSLEOFError(8, '[SSL: UNEXPECTED_EOF_WHILE_READING] EOF occurred in violation of protocol (_ssl.c:1000)')))
2026-07-08 17:23:03,957 [INFO] 
--- 处理文献: Cell-type-resolved genetic variation shapes inflammatory bow... ---
2026-07-08 17:23:03,957 [INFO] 尝试使用 scansci-pdf 下载 (DOI: 10.1038/s41586-026-10627-z)...
2026-07-08 17:23:08,855 [INFO] ScanSci PDF - 10.1038/s41586-026-10627-z [fastest]
2026-07-08 17:23:08,863 [INFO]    Racing 13 sources across multiple tiers (parallel)...
2026-07-08 17:23:08,870 [INFO]    [PublisherDirect] Starting for 10.1038/s41586-026-10627-z
2026-07-08 17:23:08,879 [INFO]    try_scihub called for 10.1038/s41586-026-10627-z
2026-07-08 17:23:08,881 [INFO]    Sci-Hub domains to try: ['http://sci-hub.vk', 'http://sci-hub.se', 'http://sci-hub.ooo']
2026-07-08 17:23:08,881 [INFO]    Sci-Hub: trying http://sci-hub.vk first...
2026-07-08 17:23:09,183 [INFO]    Sci-Hub: racing 2 backup domains...
2026-07-08 17:23:13,294 [INFO]    [PublisherDirect] Resolved URL: https://www.nature.com/articles/s41586-026-10627-z
2026-07-08 17:23:13,295 [INFO]    [Publisher] Nature: https://www.nature.com/articles/s41586-026-10627-z.pdf...
2026-07-08 17:23:14,272 [INFO]    OK NatureDirect
2026-07-08 17:23:14,276 [INFO] 成功通过 scansci-pdf 下载: PMID_42236949_Cell-type-resolved genetic variation shapes inflammatory bowel disease risk..pdf (来源: NatureDirect)
2026-07-08 17:23:14,276 [INFO] 
--- 处理文献: Spatially organized multicellular immune hubs in human color... ---
2026-07-08 17:23:14,276 [INFO] 尝试使用 scansci-pdf 下载 (DOI: 10.1016/j.cell.2021.08.003)...
2026-07-08 17:23:16,656 [INFO] ScanSci PDF - 10.1016/j.cell.2021.08.003 [fastest]
2026-07-08 17:23:16,659 [INFO]    Racing 11 sources across multiple tiers (parallel)...
2026-07-08 17:23:16,669 [INFO]    try_scihub called for 10.1016/j.cell.2021.08.003
2026-07-08 17:23:16,671 [INFO]    Sci-Hub domains to try: ['http://sci-hub.ooo', 'http://sci-hub.ga', 'https://sci-hub.ru']
2026-07-08 17:23:16,671 [INFO]    Sci-Hub: trying http://sci-hub.ooo first...
2026-07-08 17:23:16,983 [INFO]    Sci-Hub: racing 2 backup domains...
2026-07-08 17:24:06,672 [INFO]    All sources timed out after 50s
2026-07-08 17:24:08,716 [WARNING] scansci-pdf 下载失败: unknown error
2026-07-08 17:24:08,716 [INFO] scansci-pdf 失败，尝试 PMC 备用接口 (PMID: 34450029)...
2026-07-08 17:24:08,716 [INFO] 正在尝试 PMC 转换 API 获取 PMID: 34450029
2026-07-08 17:24:14,012 [ERROR] [PMC] 请求发生异常 (已跳过): HTTPSConnectionPool(host='www.ncbi.nlm.nih.gov', port=443): Max retries exceeded with url: /pmc/utils/idconv/v1.0/?ids=34450029&format=json&tool=pmc_downloader&email=pmc_downloader@example.com (Caused by SSLError(SSLEOFError(8, '[SSL: UNEXPECTED_EOF_WHILE_READING] EOF occurred in violation of protocol (_ssl.c:1000)')))
2026-07-08 17:24:14,012 [INFO] 
--- 处理文献: Automatic cell-type harmonization and integration across Hum... ---
2026-07-08 17:24:14,013 [INFO] 尝试使用 scansci-pdf 下载 (DOI: 10.1016/j.cell.2023.11.026)...
2026-07-08 17:24:16,435 [INFO] ScanSci PDF - 10.1016/j.cell.2023.11.026 [fastest]
2026-07-08 17:24:16,439 [INFO]    Racing 11 sources across multiple tiers (parallel)...
2026-07-08 17:24:16,455 [INFO]    try_scihub called for 10.1016/j.cell.2023.11.026
2026-07-08 17:24:16,456 [INFO]    Sci-Hub domains to try: ['http://sci-hub.shop', 'http://sci-hub.tw', 'https://sci-hub.nz']
2026-07-08 17:24:16,456 [INFO]    Sci-Hub: trying http://sci-hub.shop first...
2026-07-08 17:24:16,948 [INFO]    Sci-Hub: racing 2 backup domains...
2026-07-08 20:11:21,678 [INFO]    Sci-Hub: backup domains timed out
2026-07-08 22:07:41,789 [INFO] ===== CellxGene 82套数据集文献自动下载与归纳脚本启动 =====
2026-07-08 22:07:41,794 [INFO] 成功读取 D:\OneDrive\Desktop\组\db\cellxgene\cellxgene_filtered\filtered_datasets.csv，包含数据集记录共: 82 条
2026-07-08 22:07:41,796 [INFO] 经合并去重，共计包含独特论文/文献记录数: 82
2026-07-08 22:07:41,796 [INFO] 
>>> 阶段一：开始 DOI 到 PMID 批量转换 (使用 Europe PMC)
2026-07-08 22:07:44,781 [INFO] 成功通过 Europe PMC 转换 DOI [10.1038/s41586-024-07069-w] -> PMID: 38355799 | Title: A single-cell time-lapse of mouse prenatal develop...
2026-07-08 22:07:47,481 [INFO] 成功通过 Europe PMC 转换 DOI [10.1038/s41586-024-07571-1] -> PMID: 39567783 | Title: Single-cell integration reveals metaplasia in infl...
2026-07-08 22:07:50,118 [INFO] 成功通过 Europe PMC 转换 DOI [10.1126/science.abo0510] -> PMID: 35549310 | Title: Mapping the developing human immune system across ...
2026-07-08 22:07:52,754 [INFO] 成功通过 Europe PMC 转换 DOI [10.1038/s41588-025-02182-6] -> PMID: 40355592 | Title: An integrated transcriptomic cell atlas of human e...
2026-07-08 22:07:55,402 [INFO] 成功通过 Europe PMC 转换 DOI [10.1038/s41586-021-03852-1] -> PMID: 34497389 | Title: Cells of the human intestinal tract mapped across ...
2026-07-08 22:07:58,059 [INFO] 成功通过 Europe PMC 转换 DOI [10.1038/s41586-020-2496-1] -> PMID: 32669714 | Title: A single-cell transcriptomic atlas characterizes a...
2026-07-08 22:08:00,999 [INFO] 成功通过 Europe PMC 转换 DOI [10.1126/science.abl4290] -> PMID: 35549429 | Title: Single-nucleus cross-tissue molecular reference ma...
2026-07-08 22:08:03,614 [INFO] 成功通过 Europe PMC 转换 DOI [10.1016/j.cell.2021.04.028] -> PMID: 34019796 | Title: Charting human development using a multi-endoderma...
2026-07-08 22:08:06,293 [INFO] 成功通过 Europe PMC 转换 DOI [10.1016/j.cell.2022.11.005] -> PMID: 36493756 | Title: A human fetal lung cell atlas uncovers proximal-di...
2026-07-08 22:08:08,900 [INFO] 成功通过 Europe PMC 转换 DOI [10.1016/j.cell.2020.12.016] -> PMID: 33406409 | Title: Spatiotemporal analysis of human intestinal develo...
2026-07-08 22:08:11,530 [INFO] 成功通过 Europe PMC 转换 DOI [10.1016/j.ccell.2025.12.003] -> PMID: 41529665 | Title: Single-cell integration and multi-modal profiling ...
2026-07-08 22:08:14,191 [INFO] 成功通过 Europe PMC 转换 DOI [10.1038/s41586-026-10627-z] -> PMID: 42236949 | Title: Cell-type-resolved genetic variation shapes inflam...
2026-07-08 22:08:16,807 [INFO] 成功通过 Europe PMC 转换 DOI [10.1016/j.cell.2021.08.003] -> PMID: 34450029 | Title: Spatially organized multicellular immune hubs in h...
2026-07-08 22:08:19,643 [INFO] 成功通过 Europe PMC 转换 DOI [10.1016/j.cell.2023.11.026] -> PMID: 38134877 | Title: Automatic cell-type harmonization and integration ...
2026-07-08 22:08:22,442 [INFO] 成功通过 Europe PMC 转换 DOI [10.1016/j.xcrm.2024.101556] -> PMID: 38776872 | Title: Transcriptomic and spatial dissection of human ex ...
2026-07-08 22:08:25,090 [INFO] 成功通过 Europe PMC 转换 DOI [10.1038/s41588-022-01243-4] -> PMID: 36543915 | Title: A spatially resolved atlas of the human lung chara...
2026-07-08 22:08:27,847 [INFO] 成功通过 Europe PMC 转换 DOI [10.1038/s41467-024-52052-8] -> PMID: 39362841 | Title: The single-cell transcriptomic atlas iPain identif...
2026-07-08 22:08:30,442 [INFO] 成功通过 Europe PMC 转换 DOI [10.1038/s43587-024-00613-3] -> PMID: 38622407 | Title: Human skeletal muscle aging atlas....
2026-07-08 22:08:33,131 [INFO] 成功通过 Europe PMC 转换 DOI [10.1164/rccm.202207-1384OC] -> PMID: 36796082 | Title: A Unique Cellular Organization of Human Distal Air...
2026-07-08 22:08:54,513 [INFO] ===== CellxGene 82套数据集文献自动下载与归纳脚本启动 =====
2026-07-08 22:08:54,519 [INFO] 成功读取 D:\OneDrive\Desktop\组\db\cellxgene\cellxgene_filtered\filtered_datasets.csv，包含数据集记录共: 82 条
2026-07-08 22:08:54,521 [INFO] 经合并去重，共计包含独特论文/文献记录数: 82
2026-07-08 22:08:54,521 [INFO] 
>>> 阶段一：开始 DOI 到 PMID 批量转换 (使用 Europe PMC)
2026-07-08 22:08:58,193 [INFO] 成功通过 Europe PMC 转换 DOI [10.1038/s41586-024-07069-w] -> PMID: 38355799 | Title: A single-cell time-lapse of mouse prenatal develop...
2026-07-08 22:09:00,797 [INFO] 成功通过 Europe PMC 转换 DOI [10.1038/s41586-024-07571-1] -> PMID: 39567783 | Title: Single-cell integration reveals metaplasia in infl...
2026-07-08 22:09:03,461 [INFO] 成功通过 Europe PMC 转换 DOI [10.1126/science.abo0510] -> PMID: 35549310 | Title: Mapping the developing human immune system across ...
2026-07-08 22:09:06,872 [INFO] 成功通过 Europe PMC 转换 DOI [10.1038/s41588-025-02182-6] -> PMID: 40355592 | Title: An integrated transcriptomic cell atlas of human e...
2026-07-08 22:09:10,630 [INFO] 成功通过 Europe PMC 转换 DOI [10.1038/s41586-021-03852-1] -> PMID: 34497389 | Title: Cells of the human intestinal tract mapped across ...
2026-07-08 22:09:13,350 [INFO] 成功通过 Europe PMC 转换 DOI [10.1038/s41586-020-2496-1] -> PMID: 32669714 | Title: A single-cell transcriptomic atlas characterizes a...
2026-07-08 22:09:16,017 [INFO] 成功通过 Europe PMC 转换 DOI [10.1126/science.abl4290] -> PMID: 35549429 | Title: Single-nucleus cross-tissue molecular reference ma...
2026-07-08 22:09:18,654 [INFO] 成功通过 Europe PMC 转换 DOI [10.1016/j.cell.2021.04.028] -> PMID: 34019796 | Title: Charting human development using a multi-endoderma...
2026-07-08 22:09:21,269 [INFO] 成功通过 Europe PMC 转换 DOI [10.1016/j.cell.2022.11.005] -> PMID: 36493756 | Title: A human fetal lung cell atlas uncovers proximal-di...
2026-07-08 22:09:23,872 [INFO] 成功通过 Europe PMC 转换 DOI [10.1016/j.cell.2020.12.016] -> PMID: 33406409 | Title: Spatiotemporal analysis of human intestinal develo...
2026-07-08 22:09:26,618 [INFO] 成功通过 Europe PMC 转换 DOI [10.1016/j.ccell.2025.12.003] -> PMID: 41529665 | Title: Single-cell integration and multi-modal profiling ...
2026-07-08 22:09:29,264 [INFO] 成功通过 Europe PMC 转换 DOI [10.1038/s41586-026-10627-z] -> PMID: 42236949 | Title: Cell-type-resolved genetic variation shapes inflam...
2026-07-08 22:09:32,037 [INFO] 成功通过 Europe PMC 转换 DOI [10.1016/j.cell.2021.08.003] -> PMID: 34450029 | Title: Spatially organized multicellular immune hubs in h...
2026-07-08 22:09:34,684 [INFO] 成功通过 Europe PMC 转换 DOI [10.1016/j.cell.2023.11.026] -> PMID: 38134877 | Title: Automatic cell-type harmonization and integration ...
2026-07-08 22:09:37,315 [INFO] 成功通过 Europe PMC 转换 DOI [10.1016/j.xcrm.2024.101556] -> PMID: 38776872 | Title: Transcriptomic and spatial dissection of human ex ...
2026-07-08 22:09:39,948 [INFO] 成功通过 Europe PMC 转换 DOI [10.1038/s41588-022-01243-4] -> PMID: 36543915 | Title: A spatially resolved atlas of the human lung chara...
2026-07-08 22:09:42,608 [INFO] 成功通过 Europe PMC 转换 DOI [10.1038/s41467-024-52052-8] -> PMID: 39362841 | Title: The single-cell transcriptomic atlas iPain identif...
2026-07-08 22:09:45,291 [INFO] 成功通过 Europe PMC 转换 DOI [10.1038/s43587-024-00613-3] -> PMID: 38622407 | Title: Human skeletal muscle aging atlas....
2026-07-08 22:09:47,909 [INFO] 成功通过 Europe PMC 转换 DOI [10.1164/rccm.202207-1384OC] -> PMID: 36796082 | Title: A Unique Cellular Organization of Human Distal Air...
2026-07-08 22:09:50,520 [INFO] 成功通过 Europe PMC 转换 DOI [10.1038/s41467-025-57487-1] -> PMID: 40044687 | Title: Single-nuclei sequencing of skeletal muscle reveal...
2026-07-08 22:09:53,330 [INFO] 成功通过 Europe PMC 转换 DOI [10.1101/2021.09.17.21263540] -> PMID: None | Title: Concerted changes in the pediatric single-cell int...
2026-07-08 22:09:56,014 [INFO] 成功通过 Europe PMC 转换 DOI [10.1016/j.devcel.2020.11.010] -> PMID: 33290721 | Title: Single-Cell Sequencing of Developing Human Gut Rev...
2026-07-08 22:09:58,632 [INFO] 成功通过 Europe PMC 转换 DOI [10.1101/2024.03.05.583423] -> PMID: None | Title: Transcriptional dynamics of the murine heart durin...
2026-07-08 22:10:01,344 [INFO] 成功通过 Europe PMC 转换 DOI [10.1126/science.abl4896] -> PMID: 35549404 | Title: The Tabula Sapiens: A multiple-organ, single-cell ...
2026-07-08 22:10:03,956 [INFO] 成功通过 Europe PMC 转换 DOI [10.1038/s41591-021-01586-1] -> PMID: 34887578 | Title: Insulin is expressed by enteroendocrine cells duri...
2026-07-08 22:10:06,585 [INFO] 成功通过 Europe PMC 转换 DOI [10.1016/j.cell.2019.08.008] -> PMID: 31474370 | Title: Single-Cell Analysis of Crohn's Disease Lesions Id...
2026-07-08 22:10:09,258 [INFO] 成功通过 Europe PMC 转换 DOI [10.1016/j.celrep.2024.114247] -> PMID: 38907996 | Title: An iPSC-derived small intestine-on-chip with self-...
2026-07-08 22:10:12,449 [INFO] 成功通过 Europe PMC 转换 DOI [10.1038/s41591-023-02327-2] -> PMID: 37291214 | Title: An integrated cell atlas of the lung in health and...
2026-07-08 22:10:12,451 [INFO] 文献无 DOI，使用 Collection Name 作为标题: Single cell atlas of the human optic nerve
2026-07-08 22:10:15,196 [INFO] 成功通过 Europe PMC 转换 DOI [10.1126/science.abo1984] -> PMID: 35926050 | Title: Pathogenic variants damage cell composition and si...
2026-07-08 22:10:17,809 [INFO] 成功通过 Europe PMC 转换 DOI [10.1038/s41588-024-01702-0] -> PMID: 38548990 | Title: Cell-type-specific and disease-associated expressi...
2026-07-08 22:10:20,461 [INFO] 成功通过 Europe PMC 转换 DOI [10.1038/s41588-025-02158-6] -> PMID: 40229600 | Title: Longitudinal single-cell multiomic atlas of high-r...
2026-07-08 22:10:23,094 [INFO] 成功通过 Europe PMC 转换 DOI [10.1038/s41467-023-40173-5] -> PMID: 37516747 | Title: Guided construction of single cell reference for h...
2026-07-08 22:10:25,736 [INFO] 成功通过 Europe PMC 转换 DOI [10.1101/2025.09.26.678707] -> PMID: None | Title: Cellular and Spatial Drivers of Unresolved Injury ...
2026-07-08 22:10:28,450 [INFO] 成功通过 Europe PMC 转换 DOI [10.1038/s42255-023-00876-x] -> PMID: 37697055 | Title: Delineating mouse β-cell identity during lifetime ...
2026-07-08 22:10:31,264 [INFO] 成功通过 Europe PMC 转换 DOI [10.1158/2159-8290.cd-22-0824] -> PMID: 36929873 | Title: Single-Cell RNA Sequencing Unifies Developmental P...
2026-07-08 22:10:33,962 [INFO] 成功通过 Europe PMC 转换 DOI [10.1038/s41467-026-69587-7] -> PMID: 41741455 | Title: Multi-modal skin atlas identifies a multicellular ...
2026-07-08 22:10:33,963 [INFO] 文献无 DOI，使用 Collection Name 作为标题: Bronchopulmonary Dysplasia
2026-07-08 22:10:36,694 [INFO] 成功通过 Europe PMC 转换 DOI [10.1101/2025.01.17.633590] -> PMID: None | Title: Single-cell decoding of human islet cell type-spec...
2026-07-08 22:10:39,445 [INFO] 成功通过 Europe PMC 转换 DOI [10.1038/s41586-021-04345-x] -> PMID: 34937051 | Title: Local and systemic responses to SARS-CoV-2 infecti...
2026-07-08 22:10:42,161 [INFO] 成功通过 Europe PMC 转换 DOI [10.1038/s44161-025-00612-6] -> PMID: 39994453 | Title: The cellular and molecular cardiac tissue response...
2026-07-08 22:10:44,839 [INFO] 成功通过 Europe PMC 转换 DOI [10.1038/s41467-021-21783-3] -> PMID: 33686070 | Title: Time-resolved single-cell analysis of Brca1 associ...
2026-07-08 22:10:47,480 [INFO] 成功通过 Europe PMC 转换 DOI [10.1126/science.aba6500] -> PMID: 33479125 | Title: Developmental cell programs are co-opted in inflam...
2026-07-08 22:10:50,225 [INFO] 成功通过 Europe PMC 转换 DOI [10.1038/s42003-024-07315-x] -> PMID: 39627536 | Title: Cross-species single-cell RNA-seq analysis reveals...
2026-07-08 22:10:52,814 [INFO] 成功通过 Europe PMC 转换 DOI [10.1038/s41586-022-05060-x] -> PMID: 35948637 | Title: Spatial multi-omic map of human myocardial infarct...
2026-07-08 22:10:55,435 [INFO] 成功通过 Europe PMC 转换 DOI [10.1038/s41586-022-04989-3] -> PMID: 35732239 | Title: Integrated multi-omic characterization of congenit...
2026-07-08 22:10:58,129 [INFO] 成功通过 Europe PMC 转换 DOI [10.1016/j.immuni.2023.01.002] -> PMID: 36720220 | Title: The landscape of immune dysregulation in Crohn's d...
2026-07-08 22:11:01,563 [INFO] 成功通过 Europe PMC 转换 DOI [10.1073/pnas.2313326120] -> PMID: 38165934 | Title: Multiscale spatial mapping of cell populations acr...
2026-07-08 22:11:04,171 [INFO] 成功通过 Europe PMC 转换 DOI [10.1038/s41586-021-03569-1] -> PMID: 33915568 | Title: A molecular single-cell lung atlas of lethal COVID...
2026-07-08 22:11:06,852 [INFO] 成功通过 Europe PMC 转换 DOI [10.1038/s41586-021-03929-x] -> PMID: 34588693 | Title: Blood and immune development in human fetal bone m...
2026-07-08 22:11:09,473 [INFO] 成功通过 Europe PMC 转换 DOI [10.1016/j.jcf.2025.01.016] -> PMID: 39947933 | Title: Evidence for altered immune-structural cell crosst...
2026-07-08 22:11:12,114 [INFO] 成功通过 Europe PMC 转换 DOI [10.64898/2025.12.18.695268] -> PMID: None | Title: A poly(A) isoform–aware single-cell and spatial at...
2026-07-08 22:11:14,813 [INFO] 成功通过 Europe PMC 转换 DOI [10.1101/2025.09.14.673351] -> PMID: None | Title: Single-Nucleus Analysis of Human White Adipose Tis...
2026-07-08 22:11:17,574 [INFO] 成功通过 Europe PMC 转换 DOI [10.1101/2024.10.23.619925] -> PMID: None | Title: Profiling of epithelial functional states and fibr...
2026-07-08 22:11:20,492 [INFO] 成功通过 Europe PMC 转换 DOI [10.1038/s42003-021-02562-8] -> PMID: 34497364 | Title: Identification of distinct tumor cell populations ...
2026-07-08 22:11:23,416 [INFO] 成功通过 Europe PMC 转换 DOI [10.1038/s41586-020-2922-4] -> PMID: 33208946 | Title: A molecular cell atlas of the human lung from sing...
2026-07-08 22:11:26,263 [INFO] 成功通过 Europe PMC 转换 DOI [10.1016/j.cell.2021.11.031] -> PMID: 34910928 | Title: Differential pre-malignant programs and microenvir...
2026-07-08 22:11:28,864 [INFO] 成功通过 Europe PMC 转换 DOI [10.1038/s44161-022-00183-w] -> PMID: 36938497 | Title: A single-cell comparison of adult and fetal human ...
2026-07-08 22:11:31,489 [INFO] 成功通过 Europe PMC 转换 DOI [10.1016/j.healun.2026.02.1666] -> PMID: 41740941 | Title: Human lung allografts experience persistent fibrog...
2026-07-08 22:11:34,084 [INFO] 成功通过 Europe PMC 转换 DOI [10.1161/CIRCULATIONAHA.120.051921] -> PMID: 33682422 | Title: Sex-Specific Control of Human Heart Maturation by ...
2026-07-08 22:11:36,728 [INFO] 成功通过 Europe PMC 转换 DOI [10.1038/s41467-023-40505-5] -> PMID: 37591828 | Title: Single-cell genomics improves the discovery of ris...
2026-07-08 22:11:39,357 [INFO] 成功通过 Europe PMC 转换 DOI [10.1038/s41586-024-08560-0] -> PMID: 39789339 | Title: Author Correction: Progressive plasticity during c...
2026-07-08 22:11:42,060 [INFO] 成功通过 Europe PMC 转换 DOI [10.7554/eLife.62522] -> PMID: 33164753 | Title: Single-cell multiomic profiling of human lungs rev...
2026-07-08 22:11:44,747 [INFO] 成功通过 Europe PMC 转换 DOI [10.1016/j.jcmgh.2025.101665] -> PMID: 41115527 | Title: An Epigenetic Basis for Sustained Inflammatory Epi...
2026-07-08 22:11:47,363 [INFO] 成功通过 Europe PMC 转换 DOI [10.1016/j.cell.2019.06.029] -> PMID: 31348891 | Title: Intra- and Inter-cellular Rewiring of the Human Co...
2026-07-08 22:11:50,310 [INFO] 成功通过 Europe PMC 转换 DOI [10.1016/j.cell.2021.07.023] -> PMID: 34352228 | Title: Impaired local intrinsic immunity to SARS-CoV-2 in...
2026-07-08 22:11:53,015 [INFO] 成功通过 Europe PMC 转换 DOI [10.1002/pros.24020] -> PMID: 32497356 | Title: Urethral luminal epithelia are castration-insensit...
2026-07-08 22:11:55,808 [INFO] 成功通过 Europe PMC 转换 DOI [10.1016/j.celrep.2018.11.086] -> PMID: 30566875 | Title: A Cellular Anatomy of the Normal Adult Human Prost...
2026-07-08 22:11:58,437 [INFO] 成功通过 Europe PMC 转换 DOI [10.1126/science.aat5031] -> PMID: 31604275 | Title: Spatiotemporal immune zonation of the human kidney...
2026-07-08 22:12:01,081 [INFO] 成功通过 Europe PMC 转换 DOI [10.1038/s41586-021-03710-0] -> PMID: 34153974 | Title: Dysregulation of brain and choroid plexus cell typ...
2026-07-08 22:12:04,033 [INFO] 成功通过 Europe PMC 转换 DOI [10.1016/j.stem.2022.11.013] -> PMID: 36493780 | Title: Organoid modeling of human fetal lung alveolar dev...
2026-07-08 22:12:06,646 [INFO] 成功通过 Europe PMC 转换 DOI [10.1038/s41556-023-01337-z] -> PMID: 38321203 | Title: Epithelial zonation along the mouse and human smal...
2026-07-08 22:12:09,284 [INFO] 成功通过 Europe PMC 转换 DOI [10.1016/j.isci.2024.111628] -> PMID: 39850354 | Title: Exploring the utility of snRNA-seq in profiling hu...
2026-07-08 22:12:12,058 [INFO] 成功通过 Europe PMC 转换 DOI [10.1016/j.jcmgh.2022.02.007] -> PMID: 35176508 | Title: A Proximal-to-Distal Survey of Healthy Adult Human...
2026-07-08 22:12:14,693 [INFO] 成功通过 Europe PMC 转换 DOI [10.1038/s41591-024-03215-z] -> PMID: 39478111 | Title: A multi-modal single-cell and spatial expression m...
2026-07-08 22:12:17,323 [INFO] 成功通过 Europe PMC 转换 DOI [10.3389/fimmu.2023.1211505] -> PMID: 37809094 | Title: Inflammation-mediated fibroblast activation and im...
2026-07-08 22:12:19,941 [INFO] 成功通过 Europe PMC 转换 DOI [10.1038/s44318-024-00328-6] -> PMID: 39815007 | Title: A novel human fetal lung-derived alveolar organoid...
2026-07-08 22:12:22,586 [INFO] 成功通过 Europe PMC 转换 DOI [10.1126/sciimmunol.adf9988] -> PMID: 38100545 | Title: Early human lung immune cell development and its r...
2026-07-08 22:12:25,252 [WARNING] Europe PMC 未能找到 DOI [10.3389/fdmed.2021.806294] 的信息
2026-07-08 22:12:27,848 [INFO] 成功通过 Europe PMC 转换 DOI [10.1084/jem.20191130] -> PMID: 31753849 | Title: Single-cell transcriptome analysis reveals differe...
2026-07-08 22:12:30,545 [INFO] 成功通过 Europe PMC 转换 DOI [10.1016/j.cell.2017.09.004] -> PMID: 28965763 | Title: Single-Cell Analysis of Human Pancreas Reveals Tra...
2026-07-08 22:12:33,192 [INFO] 成功通过 Europe PMC 转换 DOI [10.7554/eLife.71752] -> PMID: 34825887 | Title: Single-nucleus transcriptomic analysis of human do...
2026-07-08 22:12:33,193 [INFO] 
>>> 阶段二：开始批量下载 PDF 文献
2026-07-08 22:12:33,193 [INFO] 
--- 处理文献: A single-cell time-lapse of mouse prenatal development from ... ---
2026-07-08 22:12:33,193 [INFO] 本地已存在合规 PDF，跳过下载。
2026-07-08 22:12:33,194 [INFO] 
--- 处理文献: Single-cell integration reveals metaplasia in inflammatory g... ---
2026-07-08 22:12:33,194 [INFO] 本地已存在合规 PDF，跳过下载。
2026-07-08 22:12:33,194 [INFO] 
--- 处理文献: Mapping the developing human immune system across organs.... ---
2026-07-08 22:12:33,194 [INFO] 本地文件未就位，跳过自动下载，标记为待手动处理。
2026-07-08 22:12:33,194 [INFO] 
--- 处理文献: An integrated transcriptomic cell atlas of human endoderm-de... ---
2026-07-08 22:12:33,194 [INFO] 本地已存在合规 PDF，跳过下载。
2026-07-08 22:12:33,194 [INFO] 
--- 处理文献: Cells of the human intestinal tract mapped across space and ... ---
2026-07-08 22:12:33,194 [INFO] 本地已存在合规 PDF，跳过下载。
2026-07-08 22:12:33,194 [INFO] 
--- 处理文献: A single-cell transcriptomic atlas characterizes ageing tiss... ---
2026-07-08 22:12:33,195 [INFO] 本地已存在合规 PDF，跳过下载。
2026-07-08 22:12:33,195 [INFO] 
--- 处理文献: Single-nucleus cross-tissue molecular reference maps toward ... ---
2026-07-08 22:12:33,195 [INFO] 本地已存在合规 PDF，跳过下载。
2026-07-08 22:12:33,195 [INFO] 
--- 处理文献: Charting human development using a multi-endodermal organ at... ---
2026-07-08 22:12:33,195 [INFO] 本地文件未就位，跳过自动下载，标记为待手动处理。
2026-07-08 22:12:33,195 [INFO] 
--- 处理文献: A human fetal lung cell atlas uncovers proximal-distal gradi... ---
2026-07-08 22:12:33,195 [INFO] 本地文件未就位，跳过自动下载，标记为待手动处理。
2026-07-08 22:12:33,195 [INFO] 
--- 处理文献: Spatiotemporal analysis of human intestinal development at s... ---
2026-07-08 22:12:33,195 [INFO] 本地文件未就位，跳过自动下载，标记为待手动处理。
2026-07-08 22:12:33,195 [INFO] 
--- 处理文献: Single-cell integration and multi-modal profiling reveals ph... ---
2026-07-08 22:12:33,195 [INFO] 本地文件未就位，跳过自动下载，标记为待手动处理。
2026-07-08 22:12:33,195 [INFO] 
--- 处理文献: Cell-type-resolved genetic variation shapes inflammatory bow... ---
2026-07-08 22:12:33,195 [INFO] 本地已存在合规 PDF，跳过下载。
2026-07-08 22:12:33,196 [INFO] 
--- 处理文献: Spatially organized multicellular immune hubs in human color... ---
2026-07-08 22:12:33,196 [INFO] 本地文件未就位，跳过自动下载，标记为待手动处理。
2026-07-08 22:12:33,196 [INFO] 
--- 处理文献: Automatic cell-type harmonization and integration across Hum... ---
2026-07-08 22:12:33,196 [INFO] 本地文件未就位，跳过自动下载，标记为待手动处理。
2026-07-08 22:12:33,196 [INFO] 
--- 处理文献: Transcriptomic and spatial dissection of human ex vivo right... ---
2026-07-08 22:12:33,196 [INFO] 本地文件未就位，跳过自动下载，标记为待手动处理。
2026-07-08 22:12:33,196 [INFO] 
--- 处理文献: A spatially resolved atlas of the human lung characterizes a... ---
2026-07-08 22:12:33,196 [INFO] 本地文件未就位，跳过自动下载，标记为待手动处理。
2026-07-08 22:12:33,196 [INFO] 
--- 处理文献: The single-cell transcriptomic atlas iPain identifies senesc... ---
2026-07-08 22:12:33,196 [INFO] 本地文件未就位，跳过自动下载，标记为待手动处理。
2026-07-08 22:12:33,196 [INFO] 
--- 处理文献: Human skeletal muscle aging atlas.... ---
2026-07-08 22:12:33,196 [INFO] 本地文件未就位，跳过自动下载，标记为待手动处理。
2026-07-08 22:12:33,196 [INFO] 
--- 处理文献: A Unique Cellular Organization of Human Distal Airways and I... ---
2026-07-08 22:12:33,196 [INFO] 本地文件未就位，跳过自动下载，标记为待手动处理。
2026-07-08 22:12:33,196 [INFO] 
--- 处理文献: Single-nuclei sequencing of skeletal muscle reveals subsynap... ---
2026-07-08 22:12:33,196 [INFO] 本地文件未就位，跳过自动下载，标记为待手动处理。
2026-07-08 22:12:33,196 [INFO] 
--- 处理文献: Concerted changes in the pediatric single-cell intestinal ec... ---
2026-07-08 22:12:33,197 [INFO] 本地文件未就位，跳过自动下载，标记为待手动处理。
2026-07-08 22:12:33,197 [INFO] 
--- 处理文献: Single-Cell Sequencing of Developing Human Gut Reveals Trans... ---
2026-07-08 22:12:33,197 [INFO] 本地文件未就位，跳过自动下载，标记为待手动处理。
2026-07-08 22:12:33,197 [INFO] 
--- 处理文献: Transcriptional dynamics of the murine heart during perinata... ---
2026-07-08 22:12:33,197 [INFO] 本地文件未就位，跳过自动下载，标记为待手动处理。
2026-07-08 22:12:33,197 [INFO] 
--- 处理文献: The Tabula Sapiens: A multiple-organ, single-cell transcript... ---
2026-07-08 22:12:33,197 [INFO] 本地文件未就位，跳过自动下载，标记为待手动处理。
2026-07-08 22:12:33,197 [INFO] 
--- 处理文献: Insulin is expressed by enteroendocrine cells during human f... ---
2026-07-08 22:12:33,197 [INFO] 本地文件未就位，跳过自动下载，标记为待手动处理。
2026-07-08 22:12:33,197 [INFO] 
--- 处理文献: Single-Cell Analysis of Crohn's Disease Lesions Identifies a... ---
2026-07-08 22:12:33,197 [INFO] 本地文件未就位，跳过自动下载，标记为待手动处理。
2026-07-08 22:12:33,197 [INFO] 
--- 处理文献: An iPSC-derived small intestine-on-chip with self-organizing... ---
2026-07-08 22:12:33,197 [INFO] 本地文件未就位，跳过自动下载，标记为待手动处理。
2026-07-08 22:12:33,197 [INFO] 
--- 处理文献: An integrated cell atlas of the lung in health and disease.... ---
2026-07-08 22:12:33,198 [INFO] 本地文件未就位，跳过自动下载，标记为待手动处理。
2026-07-08 22:12:33,198 [INFO] 
--- 处理文献: Single cell atlas of the human optic nerve... ---
2026-07-08 22:12:33,198 [INFO] 本地文件未就位，跳过自动下载，标记为待手动处理。
2026-07-08 22:12:33,198 [INFO] 
--- 处理文献: Pathogenic variants damage cell composition and single cell ... ---
2026-07-08 22:12:33,198 [INFO] 本地文件未就位，跳过自动下载，标记为待手动处理。
2026-07-08 22:12:33,199 [INFO] 
--- 处理文献: Cell-type-specific and disease-associated expression quantit... ---
2026-07-08 22:12:33,199 [INFO] 本地文件未就位，跳过自动下载，标记为待手动处理。
2026-07-08 22:12:33,199 [INFO] 
--- 处理文献: Longitudinal single-cell multiomic atlas of high-risk neurob... ---
2026-07-08 22:12:33,199 [INFO] 本地文件未就位，跳过自动下载，标记为待手动处理。
2026-07-08 22:12:33,199 [INFO] 
--- 处理文献: Guided construction of single cell reference for human and m... ---
2026-07-08 22:12:33,199 [INFO] 本地文件未就位，跳过自动下载，标记为待手动处理。
2026-07-08 22:12:33,199 [INFO] 
--- 处理文献: Cellular and Spatial Drivers of Unresolved Injury and Functi... ---
2026-07-08 22:12:33,199 [INFO] 本地文件未就位，跳过自动下载，标记为待手动处理。
2026-07-08 22:12:33,199 [INFO] 
--- 处理文献: Delineating mouse β-cell identity during lifetime and in dia... ---
2026-07-08 22:12:33,199 [INFO] 本地文件未就位，跳过自动下载，标记为待手动处理。
2026-07-08 22:12:33,199 [INFO] 
--- 处理文献: Single-Cell RNA Sequencing Unifies Developmental Programs of... ---
2026-07-08 22:12:33,199 [INFO] 本地文件未就位，跳过自动下载，标记为待手动处理。
2026-07-08 22:12:33,199 [INFO] 
--- 处理文献: Multi-modal skin atlas identifies a multicellular immune-str... ---
2026-07-08 22:12:33,199 [INFO] 本地文件未就位，跳过自动下载，标记为待手动处理。
2026-07-08 22:12:33,199 [INFO] 
--- 处理文献: Bronchopulmonary Dysplasia... ---
2026-07-08 22:12:33,199 [INFO] 本地文件未就位，跳过自动下载，标记为待手动处理。
2026-07-08 22:12:33,199 [INFO] 
--- 处理文献: Single-cell decoding of human islet cell type-specific alter... ---
2026-07-08 22:12:33,199 [INFO] 本地文件未就位，跳过自动下载，标记为待手动处理。
2026-07-08 22:12:33,200 [INFO] 
--- 处理文献: Local and systemic responses to SARS-CoV-2 infection in chil... ---
2026-07-08 22:12:33,200 [INFO] 本地文件未就位，跳过自动下载，标记为待手动处理。
2026-07-08 22:12:33,200 [INFO] 
--- 处理文献: The cellular and molecular cardiac tissue responses in human... ---
2026-07-08 22:12:33,200 [INFO] 本地文件未就位，跳过自动下载，标记为待手动处理。
2026-07-08 22:12:33,200 [INFO] 
--- 处理文献: Time-resolved single-cell analysis of Brca1 associated mamma... ---
2026-07-08 22:12:33,200 [INFO] 本地文件未就位，跳过自动下载，标记为待手动处理。
2026-07-08 22:12:33,200 [INFO] 
--- 处理文献: Developmental cell programs are co-opted in inflammatory ski... ---
2026-07-08 22:12:33,200 [INFO] 本地文件未就位，跳过自动下载，标记为待手动处理。
2026-07-08 22:12:33,200 [INFO] 
--- 处理文献: Cross-species single-cell RNA-seq analysis reveals disparate... ---
2026-07-08 22:12:33,200 [INFO] 本地文件未就位，跳过自动下载，标记为待手动处理。
2026-07-08 22:12:33,200 [INFO] 
--- 处理文献: Spatial multi-omic map of human myocardial infarction.... ---
2026-07-08 22:12:33,200 [INFO] 本地文件未就位，跳过自动下载，标记为待手动处理。
2026-07-08 22:12:33,200 [INFO] 
--- 处理文献: Integrated multi-omic characterization of congenital heart d... ---
2026-07-08 22:12:33,200 [INFO] 本地文件未就位，跳过自动下载，标记为待手动处理。
2026-07-08 22:12:33,200 [INFO] 
--- 处理文献: The landscape of immune dysregulation in Crohn's disease rev... ---
2026-07-08 22:12:33,200 [INFO] 本地文件未就位，跳过自动下载，标记为待手动处理。
2026-07-08 22:12:33,200 [INFO] 
--- 处理文献: Multiscale spatial mapping of cell populations across anatom... ---
2026-07-08 22:12:33,201 [INFO] 本地文件未就位，跳过自动下载，标记为待手动处理。
2026-07-08 22:12:33,201 [INFO] 
--- 处理文献: A molecular single-cell lung atlas of lethal COVID-19.... ---
2026-07-08 22:12:33,201 [INFO] 本地文件未就位，跳过自动下载，标记为待手动处理。
2026-07-08 22:12:33,201 [INFO] 
--- 处理文献: Blood and immune development in human fetal bone marrow and ... ---
2026-07-08 22:12:33,201 [INFO] 本地文件未就位，跳过自动下载，标记为待手动处理。
2026-07-08 22:12:33,201 [INFO] 
--- 处理文献: Evidence for altered immune-structural cell crosstalk in cys... ---
2026-07-08 22:12:33,201 [INFO] 本地文件未就位，跳过自动下载，标记为待手动处理。
2026-07-08 22:12:33,201 [INFO] 
--- 处理文献: A poly(A) isoform–aware single-cell and spatial atlas define... ---
2026-07-08 22:12:33,201 [INFO] 本地文件未就位，跳过自动下载，标记为待手动处理。
2026-07-08 22:12:33,201 [INFO] 
--- 处理文献: Single-Nucleus Analysis of Human White Adipose Tissue Reveal... ---
2026-07-08 22:12:33,201 [INFO] 本地文件未就位，跳过自动下载，标记为待手动处理。
2026-07-08 22:12:33,201 [INFO] 
--- 处理文献: Profiling of epithelial functional states and fibroblast phe... ---
2026-07-08 22:12:33,201 [INFO] 本地文件未就位，跳过自动下载，标记为待手动处理。
2026-07-08 22:12:33,201 [INFO] 
--- 处理文献: Identification of distinct tumor cell populations and key ge... ---
2026-07-08 22:12:33,201 [INFO] 本地文件未就位，跳过自动下载，标记为待手动处理。
2026-07-08 22:12:33,201 [INFO] 
--- 处理文献: A molecular cell atlas of the human lung from single-cell RN... ---
2026-07-08 22:12:33,201 [INFO] 本地文件未就位，跳过自动下载，标记为待手动处理。
2026-07-08 22:12:33,201 [INFO] 
--- 处理文献: Differential pre-malignant programs and microenvironment cha... ---
2026-07-08 22:12:33,201 [INFO] 本地文件未就位，跳过自动下载，标记为待手动处理。
2026-07-08 22:12:33,202 [INFO] 
--- 处理文献: A single-cell comparison of adult and fetal human epicardium... ---
2026-07-08 22:12:33,202 [INFO] 本地文件未就位，跳过自动下载，标记为待手动处理。
2026-07-08 22:12:33,202 [INFO] 
--- 处理文献: Human lung allografts experience persistent fibrogenic shift... ---
2026-07-08 22:12:33,205 [INFO] 本地文件未就位，跳过自动下载，标记为待手动处理。
2026-07-08 22:12:33,205 [INFO] 
--- 处理文献: Sex-Specific Control of Human Heart Maturation by the Proges... ---
2026-07-08 22:12:33,205 [INFO] 本地文件未就位，跳过自动下载，标记为待手动处理。
2026-07-08 22:12:33,205 [INFO] 
--- 处理文献: Single-cell genomics improves the discovery of risk variants... ---
2026-07-08 22:12:33,206 [INFO] 本地文件未就位，跳过自动下载，标记为待手动处理。
2026-07-08 22:12:33,206 [INFO] 
--- 处理文献: Author Correction: Progressive plasticity during colorectal ... ---
2026-07-08 22:12:33,206 [INFO] 本地文件未就位，跳过自动下载，标记为待手动处理。
2026-07-08 22:12:33,206 [INFO] 
--- 处理文献: Single-cell multiomic profiling of human lungs reveals cell-... ---
2026-07-08 22:12:33,206 [INFO] 本地文件未就位，跳过自动下载，标记为待手动处理。
2026-07-08 22:12:33,206 [INFO] 
--- 处理文献: An Epigenetic Basis for Sustained Inflammatory Epithelial Pr... ---
2026-07-08 22:12:33,206 [INFO] 本地文件未就位，跳过自动下载，标记为待手动处理。
2026-07-08 22:12:33,206 [INFO] 
--- 处理文献: Intra- and Inter-cellular Rewiring of the Human Colon during... ---
2026-07-08 22:12:33,206 [INFO] 本地文件未就位，跳过自动下载，标记为待手动处理。
2026-07-08 22:12:33,206 [INFO] 
--- 处理文献: Impaired local intrinsic immunity to SARS-CoV-2 infection in... ---
2026-07-08 22:12:33,206 [INFO] 本地文件未就位，跳过自动下载，标记为待手动处理。
2026-07-08 22:12:33,206 [INFO] 
--- 处理文献: Urethral luminal epithelia are castration-insensitive cells ... ---
2026-07-08 22:12:33,207 [INFO] 本地文件未就位，跳过自动下载，标记为待手动处理。
2026-07-08 22:12:33,207 [INFO] 
--- 处理文献: A Cellular Anatomy of the Normal Adult Human Prostate and Pr... ---
2026-07-08 22:12:33,207 [INFO] 本地文件未就位，跳过自动下载，标记为待手动处理。
2026-07-08 22:12:33,207 [INFO] 
--- 处理文献: Spatiotemporal immune zonation of the human kidney.... ---
2026-07-08 22:12:33,207 [INFO] 本地文件未就位，跳过自动下载，标记为待手动处理。
2026-07-08 22:12:33,207 [INFO] 
--- 处理文献: Dysregulation of brain and choroid plexus cell types in seve... ---
2026-07-08 22:12:33,207 [INFO] 本地文件未就位，跳过自动下载，标记为待手动处理。
2026-07-08 22:12:33,207 [INFO] 
--- 处理文献: Organoid modeling of human fetal lung alveolar development r... ---
2026-07-08 22:12:33,207 [INFO] 本地文件未就位，跳过自动下载，标记为待手动处理。
2026-07-08 22:12:33,207 [INFO] 
--- 处理文献: Epithelial zonation along the mouse and human small intestin... ---
2026-07-08 22:12:33,207 [INFO] 本地文件未就位，跳过自动下载，标记为待手动处理。
2026-07-08 22:12:33,207 [INFO] 
--- 处理文献: Exploring the utility of snRNA-seq in profiling human bladde... ---
2026-07-08 22:12:33,207 [INFO] 本地文件未就位，跳过自动下载，标记为待手动处理。
2026-07-08 22:12:33,207 [INFO] 
--- 处理文献: A Proximal-to-Distal Survey of Healthy Adult Human Small Int... ---
2026-07-08 22:12:33,207 [INFO] 本地文件未就位，跳过自动下载，标记为待手动处理。
2026-07-08 22:12:33,207 [INFO] 
--- 处理文献: A multi-modal single-cell and spatial expression map of meta... ---
2026-07-08 22:12:33,208 [INFO] 本地文件未就位，跳过自动下载，标记为待手动处理。
2026-07-08 22:12:33,208 [INFO] 
--- 处理文献: Inflammation-mediated fibroblast activation and immune dysre... ---
2026-07-08 22:12:33,208 [INFO] 本地文件未就位，跳过自动下载，标记为待手动处理。
2026-07-08 22:12:33,208 [INFO] 
--- 处理文献: A novel human fetal lung-derived alveolar organoid model rev... ---
2026-07-08 22:12:33,208 [INFO] 本地文件未就位，跳过自动下载，标记为待手动处理。
2026-07-08 22:12:33,208 [INFO] 
--- 处理文献: Early human lung immune cell development and its role in epi... ---
2026-07-08 22:12:33,209 [INFO] 本地文件未就位，跳过自动下载，标记为待手动处理。
2026-07-08 22:12:33,209 [INFO] 
--- 处理文献: Single-Cell Transcriptomic Profiling of Human Dental Pulp in... ---
2026-07-08 22:12:33,209 [INFO] 本地文件未就位，跳过自动下载，标记为待手动处理。
2026-07-08 22:12:33,209 [INFO] 
--- 处理文献: Single-cell transcriptome analysis reveals differential nutr... ---
2026-07-08 22:12:33,209 [INFO] 本地文件未就位，跳过自动下载，标记为待手动处理。
2026-07-08 22:12:33,209 [INFO] 
--- 处理文献: Single-Cell Analysis of Human Pancreas Reveals Transcription... ---
2026-07-08 22:12:33,209 [INFO] 本地文件未就位，跳过自动下载，标记为待手动处理。
2026-07-08 22:12:33,209 [INFO] 
--- 处理文献: Single-nucleus transcriptomic analysis of human dorsal root ... ---
2026-07-08 22:12:33,209 [INFO] 本地文件未就位，跳过自动下载，标记为待手动处理。
2026-07-08 22:12:33,209 [INFO] 
>>> 阶段三：正在整理归纳数据集文献大表...
2026-07-08 22:12:33,523 [INFO] 归纳汇总大表导出成功: D:\OneDrive\Desktop\组\db\cellxgene\cellxgene_filtered\pns_papers_summary.xlsx
2026-07-08 22:12:33,525 [INFO] 生成手动下载网页: D:\OneDrive\Desktop\组\db\cellxgene\cellxgene_filtered\manual_download_helper.html
2026-07-08 22:12:33,525 [INFO] 
==================== 下载统计 ====================
2026-07-08 22:12:33,525 [INFO] 数据集记录总数: 82
2026-07-08 22:12:33,526 [INFO] 去重文献总数: 82
2026-07-08 22:12:33,526 [INFO] 独特文献成功下载: 7 篇
2026-07-08 22:12:33,526 [INFO] 独特文献下载失败: 75 篇
2026-07-08 22:12:33,526 [INFO] ==================================================
